Archive member included to satisfy reference by file (symbol)

d:/program files/microchip/xc8/v2.50/avr/bin/../lib/gcc/avr/5.4.0/avr5\libgcc.a(_divmodhi4.o)
                              build/default/production/part_d1.o (__divmodhi4)
d:/program files/microchip/xc8/v2.50/avr/bin/../lib/gcc/avr/5.4.0/avr5\libgcc.a(_udivmodsi4.o)
                              build/default/production/part_d1.o (__udivmodsi4)
d:/program files/microchip/xc8/v2.50/avr/bin/../lib/gcc/avr/5.4.0/avr5\libgcc.a(_copy_data.o)
                              build/default/production/part_d1.o (__do_copy_data)
d:/program files/microchip/xc8/v2.50/avr/bin/../lib/gcc/avr/5.4.0/avr5\libgcc.a(_umulhisi3.o)
                              build/default/production/part_d1.o (__umulhisi3)
d:/program files/microchip/xc8/v2.50/avr/bin/../lib/gcc/avr/5.4.0/avr5\libgcc.a(_udivmodhi4.o)
                              d:/program files/microchip/xc8/v2.50/avr/bin/../lib/gcc/avr/5.4.0/avr5\libgcc.a(_divmodhi4.o) (__udivmodhi4)
d:/program files/microchip/xc8/v2.50/avr/bin/../lib/gcc/avr/5.4.0/../../../../avr/lib/avr5\libc.a(exit.o)
                              D:/Program Files/Microchip/MPLABX/v6.20/packs/Microchip/ATmega_DFP/3.1.264/xc8/avr/lib/avr5/crtatmega328pb.o (exit)
d:/program files/microchip/xc8/v2.50/avr/bin/../lib/gcc/avr/5.4.0/../../../../avr/lib/avr5\libc.a(__sio_sprintf_doux.o)
                              build/default/production/part_d1.o (_sprintf_cdopuxX)
d:/program files/microchip/xc8/v2.50/avr/bin/../lib/gcc/avr/5.4.0/../../../../avr/lib/avr5\libc.a(__fmt_d.o)
                              d:/program files/microchip/xc8/v2.50/avr/bin/../lib/gcc/avr/5.4.0/../../../../avr/lib/avr5\libc.a(__sio_sprintf_doux.o) (__fmt_d_needed)
d:/program files/microchip/xc8/v2.50/avr/bin/../lib/gcc/avr/5.4.0/../../../../avr/lib/avr5\libc.a(__fmt_o.o)
                              d:/program files/microchip/xc8/v2.50/avr/bin/../lib/gcc/avr/5.4.0/../../../../avr/lib/avr5\libc.a(__sio_sprintf_doux.o) (__fmt_o_needed)
d:/program files/microchip/xc8/v2.50/avr/bin/../lib/gcc/avr/5.4.0/../../../../avr/lib/avr5\libc.a(__fmt_s.o)
                              d:/program files/microchip/xc8/v2.50/avr/bin/../lib/gcc/avr/5.4.0/../../../../avr/lib/avr5\libc.a(__sio_sprintf_doux.o) (__fmt_s_needed)
d:/program files/microchip/xc8/v2.50/avr/bin/../lib/gcc/avr/5.4.0/../../../../avr/lib/avr5\libc.a(__fmt_u.o)
                              d:/program files/microchip/xc8/v2.50/avr/bin/../lib/gcc/avr/5.4.0/../../../../avr/lib/avr5\libc.a(__fmt_d.o) (__cvt_u)
d:/program files/microchip/xc8/v2.50/avr/bin/../lib/gcc/avr/5.4.0/../../../../avr/lib/avr5\libc.a(__fmt_x.o)
                              d:/program files/microchip/xc8/v2.50/avr/bin/../lib/gcc/avr/5.4.0/../../../../avr/lib/avr5\libc.a(__sio_sprintf_doux.o) (__fmt_x_needed)
d:/program files/microchip/xc8/v2.50/avr/bin/../lib/gcc/avr/5.4.0/../../../../avr/lib/avr5\libc.a(__pop_int.o)
                              d:/program files/microchip/xc8/v2.50/avr/bin/../lib/gcc/avr/5.4.0/../../../../avr/lib/avr5\libc.a(__sio_sprintf_doux.o) (__pop_int_needed)
d:/program files/microchip/xc8/v2.50/avr/bin/../lib/gcc/avr/5.4.0/../../../../avr/lib/avr5\libc.a(__printf_core.o)
                              d:/program files/microchip/xc8/v2.50/avr/bin/../lib/gcc/avr/5.4.0/../../../../avr/lib/avr5\libc.a(__fmt_d.o) (__pad)
d:/program files/microchip/xc8/v2.50/avr/bin/../lib/gcc/avr/5.4.0/../../../../avr/lib/avr5\libc.a(fputc.o)
                              d:/program files/microchip/xc8/v2.50/avr/bin/../lib/gcc/avr/5.4.0/../../../../avr/lib/avr5\libc.a(__printf_core.o) (fputc)
d:/program files/microchip/xc8/v2.50/avr/bin/../lib/gcc/avr/5.4.0/../../../../avr/lib/avr5\libc.a(snprintf.o)
                              build/default/production/part_d1.o (snprintf)
d:/program files/microchip/xc8/v2.50/avr/bin/../lib/gcc/avr/5.4.0/../../../../avr/lib/avr5\libc.a(strlen.o)
                              d:/program files/microchip/xc8/v2.50/avr/bin/../lib/gcc/avr/5.4.0/../../../../avr/lib/avr5\libc.a(__fmt_s.o) (strlen)
d:/program files/microchip/xc8/v2.50/avr/bin/../lib/gcc/avr/5.4.0/../../../../avr/lib/avr5\libc.a(tolower.o)
                              d:/program files/microchip/xc8/v2.50/avr/bin/../lib/gcc/avr/5.4.0/../../../../avr/lib/avr5\libc.a(__printf_core.o) (tolower)
d:/program files/microchip/xc8/v2.50/avr/bin/../lib/gcc/avr/5.4.0/../../../../avr/lib/avr5\libc.a(toupper.o)
                              d:/program files/microchip/xc8/v2.50/avr/bin/../lib/gcc/avr/5.4.0/../../../../avr/lib/avr5\libc.a(__fmt_x.o) (toupper)
d:/program files/microchip/xc8/v2.50/avr/bin/../lib/gcc/avr/5.4.0/../../../../avr/lib/avr5\libc.a(errno.o)
                              d:/program files/microchip/xc8/v2.50/avr/bin/../lib/gcc/avr/5.4.0/../../../../avr/lib/avr5\libc.a(__printf_core.o) (__errno_val)
d:/program files/microchip/xc8/v2.50/avr/bin/../lib/gcc/avr/5.4.0/../../../../avr/lib/avr5\libc.a(_Exit.o)
[...]
Memory Configuration

Name             Origin             Length             Attributes
text             0x0000000000000000 0x0000000000008000 xr
data             0x0000000000800100 0x0000000000000800 rw !x
eeprom           0x0000000000810000 0x0000000000000400 rw !x
fuse             0x0000000000820000 0x0000000000000003 rw !x
lock             0x0000000000830000 0x0000000000000400 rw !x
signature        0x0000000000840000 0x0000000000000400 rw !x
user_signatures  0x0000000000850000 0x0000000000000400 rw !x
bootrow          0x0000000000860000 0x0000000000000400 rw !x
*default*        0x0000000000000000 0xffffffffffffffff

Linker script and memory map

Address of section .data set to 0x800100
LOAD D:/Program Files/Microchip/MPLABX/v6.20/packs/Microchip/ATmega_DFP/3.1.264/xc8/avr/lib/avr5/crtatmega328pb.o
                0x0000000000000001                __MPLAB_BUILD = 0x1
LOAD build/default/production/part_d1.o
LOAD build/default/production/uart.o
LOAD build/default/production/_ext/1894741347/LCD_GFX.o
LOAD build/default/production/_ext/1894741347/ST7735.o
START GROUP
END GROUP
START GROUP
LOAD d:/program files/microchip/xc8/v2.50/avr/bin/../lib/gcc/avr/5.4.0/avr5\libgcc.a
LOAD d:/program files/microchip/xc8/v2.50/avr/bin/../lib/gcc/avr/5.4.0/../../../../avr/lib/avr5\libm.a
LOAD d:/program files/microchip/xc8/v2.50/avr/bin/../lib/gcc/avr/5.4.0/../../../../avr/lib/avr5\libc.a
LOAD D:/Program Files/Microchip/MPLABX/v6.20/packs/Microchip/ATmega_DFP/3.1.264/xc8/avr/lib/avr5\libatmega328pb.a
END GROUP
                [0x0000000000000000]                __TEXT_REGION_ORIGIN__ = DEFINED (__TEXT_REGION_ORIGIN__)?__TEXT_REGION_ORIGIN__:0x0
                [0x0000000000800100]                __DATA_REGION_ORIGIN__ = DEFINED (__DATA_REGION_ORIGIN__)?__DATA_REGION_ORIGIN__:0x800060
                [0x0000000000008000]                __TEXT_REGION_LENGTH__ = DEFINED (__TEXT_REGION_LENGTH__)?__TEXT_REGION_LENGTH__:0x20000
                [0x0000000000000800]                __DATA_REGION_LENGTH__ = DEFINED (__DATA_REGION_LENGTH__)?__DATA_REGION_LENGTH__:0xffa0
                [0x0000000000000400]                __EEPROM_REGION_LENGTH__ = DEFINED (__EEPROM_REGION_LENGTH__)?__EEPROM_REGION_LENGTH__:0x10000
                [0x0000000000000003]                __FUSE_REGION_LENGTH__ = DEFINED (__FUSE_REGION_LENGTH__)?__FUSE_REGION_LENGTH__:0x400
                0x0000000000000400                __LOCK_REGION_LENGTH__ = DEFINED (__LOCK_REGION_LENGTH__)?__LOCK_REGION_LENGTH__:0x400
                0x0000000000000400                __SIGNATURE_REGION_LENGTH__ = DEFINED (__SIGNATURE_REGION_LENGTH__)?__SIGNATURE_REGION_LENGTH__:0x400
                0x0000000000000400                __USER_SIGNATURE_REGION_LENGTH__ = DEFINED (__USER_SIGNATURE_REGION_LENGTH__)?__USER_SIGNATURE_REGION_LENGTH__:0x400
                0x0000000000000400                __BOOTROW_REGION_LENGTH__ = DEFINED (__BOOTROW_REGION_LENGTH__)?__BOOTROW_REGION_LENGTH__:0x400

.hash
 *(.hash)

.dynsym
 *(.dynsym)

.dynstr
 *(.dynstr)

.gnu.version
 *(.gnu.version)

.gnu.version_d
 *(.gnu.version_d)

.gnu.version_r
 *(.gnu.version_r)

.rel.init
 *(.rel.init)

.rela.init
 *(.rela.init)

.rel.text
 *(.rel.text)
 *(.rel.text.*)
 *(.rel.gnu.linkonce.t*)

.rela.text
 *(.rela.text)
 *(.rela.text.*)
 *(.rela.gnu.linkonce.t*)

.rel.fini
 *(.rel.fini)

.rela.fini
 *(.rela.fini)

.rel.rodata
 *(.rel.rodata)
 *(.rel.rodata.*)
 *(.rel.gnu.linkonce.r*)

.rela.rodata
 *(.rela.rodata)
 *(.rela.rodata.*)
 *(.rela.gnu.linkonce.r*)

.rel.data
 *(.rel.data)
 *(.rel.data.*)
 *(.rel.gnu.linkonce.d*)

.rela.data
 *(.rela.data)
 *(.rela.data.*)
 *(.rela.gnu.linkonce.d*)

.rel.ctors
 *(.rel.ctors)

.rela.ctors
 *(.rela.ctors)

.rel.dtors
 *(.rel.dtors)

.rela.dtors
 *(.rela.dtors)

.rel.got
 *(.rel.got)

.rela.got
 *(.rela.got)

.rel.bss
 *(.rel.bss)

.rela.bss
 *(.rela.bss)

.rel.plt
 *(.rel.plt)

.rela.plt
 *(.rela.plt)

.text           0x0000000000000000      0x12c
 *(.vectors)
 .vectors       0x0000000000000000       0xb4 D:/Program Files/Microchip/MPLABX/v6.20/packs/Microchip/ATmega_DFP/3.1.264/xc8/avr/lib/avr5/crtatmega328pb.o
                0x0000000000000000                __vector_default
                0x0000000000000000                __vectors
 *(.vectors)
 *(.progmem.gcc*)
 *(.dinit)
 .dinit         0x00000000000000b4       0x24 data_init
                0x00000000000000d8                . = ALIGN (0x2)
                0x00000000000000d8                __trampolines_start = .
 *(.trampolines)
 .trampolines   0x00000000000000d8        0x0 linker stubs
 *(.trampolines*)
                0x00000000000000d8                __trampolines_end = .
 *libprintf_flt.a:*(.progmem.data)
 *libc.a:*(.progmem.data)
                0x00000000000000d8                . = ALIGN (0x2)
 *(.jumptables)
 *(.jumptables*)
 *(.lowtext)
 *(.lowtext*)
                0x00000000000000d8                __ctors_start = .
 *(.ctors)
                0x00000000000000d8                __ctors_end = .
                0x00000000000000d8                __dtors_start = .
 *(.dtors)
                0x00000000000000d8                __dtors_end = .
 SORT(*)(.ctors)
 SORT(*)(.dtors)
 *(.init0)
 .init0         0x00000000000000d8        0x0 D:/Program Files/Microchip/MPLABX/v6.20/packs/Microchip/ATmega_DFP/3.1.264/xc8/avr/lib/avr5/crtatmega328pb.o
                0x00000000000000d8                __init
 *(.init0)
 *(.init1)
 *(.init1)
 *(.init2)
 .init2         0x00000000000000d8        0xc D:/Program Files/Microchip/MPLABX/v6.20/packs/Microchip/ATmega_DFP/3.1.264/xc8/avr/lib/avr5/crtatmega328pb.o
 *(.init2)
 *(.init3)
 *(.init3)
 *(.init4)
 .init4         0x00000000000000e4       0x3c d:/program files/microchip/xc8/v2.50/avr/bin/../lib/gcc/avr/5.4.0/avr5\libgcc.a(_copy_data.o)
                0x00000000000000e4                __do_copy_data
                0x0000000000000112                __do_clear_bss
 *(.init4)
 *(.init5)
 *(.init5)
 *(.init6)
 *(.init6)
 *(.init7)
 *(.init7)
 *(.init8)
 *(.init8)
 *(.init9)
 .init9         0x0000000000000120        0x8 D:/Program Files/Microchip/MPLABX/v6.20/packs/Microchip/ATmega_DFP/3.1.264/xc8/avr/lib/avr5/crtatmega328pb.o
 *(.init9)
                0x0000000000000128                . = ALIGN (0x2)
 *(.fini9)
 .fini9         0x0000000000000128        0x0 d:/program files/microchip/xc8/v2.50/avr/bin/../lib/gcc/avr/5.4.0/avr5\libgcc.a(_exit.o)
                0x0000000000000128                _exit
 *(.fini9)
 *(.fini8)
 *(.fini8)
 *(.fini7)
 *(.fini7)
 *(.fini6)
 *(.fini6)
 *(.fini5)
 *(.fini5)
 *(.fini4)
 *(.fini4)
 *(.fini3)
 *(.fini3)
 *(.fini2)
 *(.fini2)
 *(.fini1)
 *(.fini1)
 *(.fini0)
 .fini0         0x0000000000000128        0x4 d:/program files/microchip/xc8/v2.50/avr/bin/../lib/gcc/avr/5.4.0/avr5\libgcc.a(_exit.o)
 *(.fini0)
                0x000000000000012c                _etext = .

.data           0x0000000000800100        0x0 load address 0x000000000000012c
                [!provide]                        PROVIDE (__data_start, .)
 *(.gnu.linkonce.d*)
 *(.gnu.linkonce.r*)
                0x0000000000800100                . = ALIGN (0x2)
                0x0000000000800100                _edata = .
                [!provide]                        PROVIDE (__data_end, .)

.bss            0x0000000000800100        0x2
                [!provide]                        PROVIDE (__bss_start, .)
 *(COMMON)
 COMMON         0x0000000000800100        0x2 d:/program files/microchip/xc8/v2.50/avr/bin/../lib/gcc/avr/5.4.0/../../../../avr/lib/avr5\libc.a(errno.o)
                0x0000000000800100                __errno_val
                [!provide]                        PROVIDE (__bss_end, .)
                0x000000000000012c                __data_load_start = LOADADDR (.data)
                0x000000000000012c                __data_load_end = (__data_load_start + SIZEOF (.data))

.noinit         0x0000000000800102        0x0
                [!provide]                        PROVIDE (__noinit_start, .)
 *(.noinit*)
                [!provide]                        PROVIDE (__noinit_end, .)
                0x0000000000800102                _end = .

.eeprom         0x0000000000810000        0x0
 *(.eeprom*)
                0x0000000000810000                __eeprom_end = .

.fuse
 *(.fuse)
 *(.lfuse)
 *(.hfuse)
 *(.efuse)

.lock
 *(.lock*)

.signature
 *(.signature*)

.user_signatures
 *(.user_signatures*)

.bootrow
 *(.bootrow*)

.stab
 *(.stab)

.stabstr
 *(.stabstr)

.stab.excl
 *(.stab.excl)

.stab.exclstr
 *(.stab.exclstr)

.stab.index
 *(.stab.index)

.stab.indexstr
 *(.stab.indexstr)

.comment        0x0000000000000000       0x5b
 *(.comment)
 .comment       0x0000000000000000       0x2f build/default/production/part_d1.o
                                         0x30 (size before relaxing)
 .comment       0x000000000000002f       0x30 build/default/production/uart.o
 .comment       0x000000000000002f       0x30 build/default/production/_ext/1894741347/LCD_GFX.o
 .comment       0x000000000000002f       0x30 build/default/production/_ext/1894741347/ST7735.o
 .comment       0x000000000000002f       0x2c d:/program files/microchip/xc8/v2.50/avr/bin/../lib/gcc/avr/5.4.0/../../../../avr/lib/avr5\libc.a(exit.o)
                                         0x2d (size before relaxing)
 .comment       0x000000000000005b       0x2d d:/program files/microchip/xc8/v2.50/avr/bin/../lib/gcc/avr/5.4.0/../../../../avr/lib/avr5\libc.a(__sio_sprintf_doux.o)
 .comment       0x000000000000005b       0x2d d:/program files/microchip/xc8/v2.50/avr/bin/../lib/gcc/avr/5.4.0/../../../../avr/lib/avr5\libc.a(__fmt_d.o)
 .comment       0x000000000000005b       0x2d d:/program files/microchip/xc8/v2.50/avr/bin/../lib/gcc/avr/5.4.0/../../../../avr/lib/avr5\libc.a(__fmt_o.o)
 .comment       0x000000000000005b       0x2d d:/program files/microchip/xc8/v2.50/avr/bin/../lib/gcc/avr/5.4.0/../../../../avr/lib/avr5\libc.a(__fmt_s.o)
 .comment       0x000000000000005b       0x2d d:/program files/microchip/xc8/v2.50/avr/bin/../lib/gcc/avr/5.4.0/../../../../avr/lib/avr5\libc.a(__fmt_u.o)
 .comment       0x000000000000005b       0x2d d:/program files/microchip/xc8/v2.50/avr/bin/../lib/gcc/avr/5.4.0/../../../../avr/lib/avr5\libc.a(__fmt_x.o)
 .comment       0x000000000000005b       0x2d d:/program files/microchip/xc8/v2.50/avr/bin/../lib/gcc/avr/5.4.0/../../../../avr/lib/avr5\libc.a(__pop_int.o)
 .comment       0x000000000000005b       0x2d d:/program files/microchip/xc8/v2.50/avr/bin/../lib/gcc/avr/5.4.0/../../../../avr/lib/avr5\libc.a(__printf_core.o)
 .comment       0x000000000000005b       0x2d d:/program files/microchip/xc8/v2.50/avr/bin/../lib/gcc/avr/5.4.0/../../../../avr/lib/avr5\libc.a(fputc.o)
 .comment       0x000000000000005b       0x2d d:/program files/microchip/xc8/v2.50/avr/bin/../lib/gcc/avr/5.4.0/../../../../avr/lib/avr5\libc.a(snprintf.o)
 .comment       0x000000000000005b       0x2d d:/program files/microchip/xc8/v2.50/avr/bin/../lib/gcc/avr/5.4.0/../../../../avr/lib/avr5\libc.a(strlen.o)
 .comment       0x000000000000005b       0x2d d:/program files/microchip/xc8/v2.50/avr/bin/../lib/gcc/avr/5.4.0/../../../../avr/lib/avr5\libc.a(tolower.o)
 .comment       0x000000000000005b       0x2d d:/program files/microchip/xc8/v2.50/avr/bin/../lib/gcc/avr/5.4.0/../../../../avr/lib/avr5\libc.a(toupper.o)
 .comment       0x000000000000005b       0x2d d:/program files/microchip/xc8/v2.50/avr/bin/../lib/gcc/avr/5.4.0/../../../../avr/lib/avr5\libc.a(errno.o)
 .comment       0x000000000000005b       0x2d d:/program files/microchip/xc8/v2.50/avr/bin/../lib/gcc/avr/5.4.0/../../../../avr/lib/avr5\libc.a(_Exit.o)
 .comment       0x000000000000005b       0x2d d:/program files/microchip/xc8/v2.50/avr/bin/../lib/gcc/avr/5.4.0/../../../../avr/lib/avr5\libc.a(__int_vsprintf.o)
 .comment       0x000000000000005b       0x2d d:/program files/microchip/xc8/v2.50/avr/bin/../lib/gcc/avr/5.4.0/../../../../avr/lib/avr5\libc.a(__int_vsnprintf.o)
 .comment       0x000000000000005b       0x2d d:/program files/microchip/xc8/v2.50/avr/bin/../lib/gcc/avr/5.4.0/../../../../avr/lib/avr5\libc.a(vsnprintf.o)
 .comment       0x000000000000005b       0x2d d:/program files/microchip/xc8/v2.50/avr/bin/../lib/gcc/avr/5.4.0/../../../../avr/lib/avr5\libc.a(vfprintf.o)
 .comment       0x000000000000005b       0x2d d:/program files/microchip/xc8/v2.50/avr/bin/../lib/gcc/avr/5.4.0/../../../../avr/lib/avr5\libc.a(__int_vfprintf.o)
 .comment       0x000000000000005b       0x2d d:/program files/microchip/xc8/v2.50/avr/bin/../lib/gcc/avr/5.4.0/../../../../avr/lib/avr5\libc.a(__io_fmt_needed.o)
 .comment       0x000000000000005b       0x2d d:/program files/microchip/xc8/v2.50/avr/bin/../lib/gcc/avr/5.4.0/../../../../avr/lib/avr5\libc.a(__pop_ptr.o)
 .comment       0x000000000000005b       0x2d d:/program files/microchip/xc8/v2.50/avr/bin/../lib/gcc/avr/5.4.0/../../../../avr/lib/avr5\libc.a(__fmt_a.o)
 .comment       0x000000000000005b       0x2d d:/program files/microchip/xc8/v2.50/avr/bin/../lib/gcc/avr/5.4.0/../../../../avr/lib/avr5\libc.a(__pop_float.o)
 .comment       0x000000000000005b       0x2d d:/program files/microchip/xc8/v2.50/avr/bin/../lib/gcc/avr/5.4.0/../../../../avr/lib/avr5\libc.a(memset.o)
 .comment       0x000000000000005b       0x2d d:/program files/microchip/xc8/v2.50/avr/bin/../lib/gcc/avr/5.4.0/../../../../avr/lib/avr5\libc.a(strcpy.o)
 .comment       0x000000000000005b       0x2d d:/program files/microchip/xc8/v2.50/avr/bin/../lib/gcc/avr/5.4.0/../../../../avr/lib/avr5\libc.a(__printf_64bit_arg_support.o)
 .comment       0x000000000000005b       0x2d d:/program files/microchip/xc8/v2.50/avr/bin/../lib/gcc/avr/5.4.0/../../../../avr/lib/avr5\libc.a(__fmt_fp.o)
 .comment       0x000000000000005b       0x2d d:/program files/microchip/xc8/v2.50/avr/bin/../lib/gcc/avr/5.4.0/../../../../avr/lib/avr5\libm.a(floorf.o)

.stack.descriptors.hdr
                0x0000000000000000      0x32c
 .stack.descriptors.hdr
                0x0000000000000000        0xe d:/program files/microchip/xc8/v2.50/avr/bin/../lib/gcc/avr/5.4.0/avr5\libgcc.a(_divmodhi4.o)
 .stack.descriptors.hdr
                0x000000000000000e        0xe d:/program files/microchip/xc8/v2.50/avr/bin/../lib/gcc/avr/5.4.0/avr5\libgcc.a(_udivmodsi4.o)
 .stack.descriptors.hdr
                0x000000000000001c        0xe d:/program files/microchip/xc8/v2.50/avr/bin/../lib/gcc/avr/5.4.0/avr5\libgcc.a(_umulhisi3.o)
 .stack.descriptors.hdr
                0x000000000000002a        0xe d:/program files/microchip/xc8/v2.50/avr/bin/../lib/gcc/avr/5.4.0/avr5\libgcc.a(_udivmodhi4.o)
 .stack.descriptors.hdr
                0x0000000000000038        0xe d:/program files/microchip/xc8/v2.50/avr/bin/../lib/gcc/avr/5.4.0/../../../../avr/lib/avr5\libc.a(exit.o)
 .stack.descriptors.hdr
                0x0000000000000046        0xe d:/program files/microchip/xc8/v2.50/avr/bin/../lib/gcc/avr/5.4.0/../../../../avr/lib/avr5\libc.a(__sio_sprintf_doux.o)
 .stack.descriptors.hdr
                0x0000000000000054        0xe d:/program files/microchip/xc8/v2.50/avr/bin/../lib/gcc/avr/5.4.0/../../../../avr/lib/avr5\libc.a(__fmt_d.o)
 .stack.descriptors.hdr
                0x0000000000000062        0xe d:/program files/microchip/xc8/v2.50/avr/bin/../lib/gcc/avr/5.4.0/../../../../avr/lib/avr5\libc.a(__fmt_o.o)
 .stack.descriptors.hdr
                0x0000000000000070        0xe d:/program files/microchip/xc8/v2.50/avr/bin/../lib/gcc/avr/5.4.0/../../../../avr/lib/avr5\libc.a(__fmt_s.o)
 .stack.descriptors.hdr
                0x000000000000007e        0xe d:/program files/microchip/xc8/v2.50/avr/bin/../lib/gcc/avr/5.4.0/../../../../avr/lib/avr5\libc.a(__fmt_u.o)
 .stack.descriptors.hdr
                0x000000000000008c        0xe d:/program files/microchip/xc8/v2.50/avr/bin/../lib/gcc/avr/5.4.0/../../../../avr/lib/avr5\libc.a(__fmt_x.o)
 .stack.descriptors.hdr
                0x000000000000009a        0xe d:/program files/microchip/xc8/v2.50/avr/bin/../lib/gcc/avr/5.4.0/../../../../avr/lib/avr5\libc.a(__pop_int.o)
 .stack.descriptors.hdr
                0x00000000000000a8        0xe d:/program files/microchip/xc8/v2.50/avr/bin/../lib/gcc/avr/5.4.0/../../../../avr/lib/avr5\libc.a(__printf_core.o)
 .stack.descriptors.hdr
                0x00000000000000b6        0xe d:/program files/microchip/xc8/v2.50/avr/bin/../lib/gcc/avr/5.4.0/../../../../avr/lib/avr5\libc.a(fputc.o)
 .stack.descriptors.hdr
                0x00000000000000c4        0xe d:/program files/microchip/xc8/v2.50/avr/bin/../lib/gcc/avr/5.4.0/../../../../avr/lib/avr5\libc.a(snprintf.o)
 .stack.descriptors.hdr
                0x00000000000000d2        0xe d:/program files/microchip/xc8/v2.50/avr/bin/../lib/gcc/avr/5.4.0/../../../../avr/lib/avr5\libc.a(strlen.o)
 .stack.descriptors.hdr
                0x00000000000000e0        0xe d:/program files/microchip/xc8/v2.50/avr/bin/../lib/gcc/avr/5.4.0/../../../../avr/lib/avr5\libc.a(tolower.o)
 .stack.descriptors.hdr
                0x00000000000000ee        0xe d:/program files/microchip/xc8/v2.50/avr/bin/../lib/gcc/avr/5.4.0/../../../../avr/lib/avr5\libc.a(toupper.o)
 .stack.descriptors.hdr
                0x00000000000000fc        0xe d:/program files/microchip/xc8/v2.50/avr/bin/../lib/gcc/avr/5.4.0/../../../../avr/lib/avr5\libc.a(errno.o)
 .stack.descriptors.hdr
                0x000000000000010a        0xe d:/program files/microchip/xc8/v2.50/avr/bin/../lib/gcc/avr/5.4.0/../../../../avr/lib/avr5\libc.a(_Exit.o)
 .stack.descriptors.hdr
                0x0000000000000118        0xe d:/program files/microchip/xc8/v2.50/avr/bin/../lib/gcc/avr/5.4.0/../../../../avr/lib/avr5\libc.a(__int_vsprintf.o)
 .stack.descriptors.hdr
                0x0000000000000126        0xe d:/program files/microchip/xc8/v2.50/avr/bin/../lib/gcc/avr/5.4.0/../../../../avr/lib/avr5\libc.a(__int_vsnprintf.o)
 .stack.descriptors.hdr
                0x0000000000000134        0xe d:/program files/microchip/xc8/v2.50/avr/bin/../lib/gcc/avr/5.4.0/../../../../avr/lib/avr5\libc.a(vsnprintf.o)
 .stack.descriptors.hdr
                0x0000000000000142        0xe d:/program files/microchip/xc8/v2.50/avr/bin/../lib/gcc/avr/5.4.0/../../../../avr/lib/avr5\libc.a(vfprintf.o)
 .stack.descriptors.hdr
                0x0000000000000150        0xe d:/program files/microchip/xc8/v2.50/avr/bin/../lib/gcc/avr/5.4.0/../../../../avr/lib/avr5\libc.a(__int_vfprintf.o)
 .stack.descriptors.hdr
                0x000000000000015e        0xe d:/program files/microchip/xc8/v2.50/avr/bin/../lib/gcc/avr/5.4.0/../../../../avr/lib/avr5\libc.a(__io_fmt_needed.o)
 .stack.descriptors.hdr
                0x000000000000016c        0xe d:/program files/microchip/xc8/v2.50/avr/bin/../lib/gcc/avr/5.4.0/../../../../avr/lib/avr5\libc.a(__pop_ptr.o)
 .stack.descriptors.hdr
                0x000000000000017a        0xe d:/program files/microchip/xc8/v2.50/avr/bin/../lib/gcc/avr/5.4.0/../../../../avr/lib/avr5\libc.a(__fmt_a.o)
 .stack.descriptors.hdr
                0x0000000000000188        0xe d:/program files/microchip/xc8/v2.50/avr/bin/../lib/gcc/avr/5.4.0/../../../../avr/lib/avr5\libc.a(__pop_float.o)
 .stack.descriptors.hdr
                0x0000000000000196        0xe d:/program files/microchip/xc8/v2.50/avr/bin/../lib/gcc/avr/5.4.0/../../../../avr/lib/avr5\libc.a(memset.o)
 .stack.descriptors.hdr
                0x00000000000001a4        0xe d:/program files/microchip/xc8/v2.50/avr/bin/../lib/gcc/avr/5.4.0/../../../../avr/lib/avr5\libc.a(strcpy.o)
 .stack.descriptors.hdr
                0x00000000000001b2        0xe d:/program files/microchip/xc8/v2.50/avr/bin/../lib/gcc/avr/5.4.0/../../../../avr/lib/avr5\libc.a(__printf_64bit_arg_support.o)
 .stack.descriptors.hdr
                0x00000000000001c0        0xe d:/program files/microchip/xc8/v2.50/avr/bin/../lib/gcc/avr/5.4.0/../../../../avr/lib/avr5\libc.a(__fmt_fp.o)
 .stack.descriptors.hdr
                0x00000000000001ce        0xe d:/program files/microchip/xc8/v2.50/avr/bin/../lib/gcc/avr/5.4.0/avr5\libgcc.a(_exit.o)
 .stack.descriptors.hdr
                0x00000000000001dc        0xe d:/program files/microchip/xc8/v2.50/avr/bin/../lib/gcc/avr/5.4.0/avr5\libgcc.a(_udivdi3.o)
 .stack.descriptors.hdr
                0x00000000000001ea        0xe d:/program files/microchip/xc8/v2.50/avr/bin/../lib/gcc/avr/5.4.0/avr5\libgcc.a(_udivmod64.o)
 .stack.descriptors.hdr
                0x00000000000001f8        0xe d:/program files/microchip/xc8/v2.50/avr/bin/../lib/gcc/avr/5.4.0/avr5\libgcc.a(_negdi2.o)
 .stack.descriptors.hdr
                0x0000000000000206        0xe d:/program files/microchip/xc8/v2.50/avr/bin/../lib/gcc/avr/5.4.0/avr5\libgcc.a(_ashrdi3.o)
 .stack.descriptors.hdr
                0x0000000000000214        0xe d:/program files/microchip/xc8/v2.50/avr/bin/../lib/gcc/avr/5.4.0/avr5\libgcc.a(_cmpdi2_s8.o)
 .stack.descriptors.hdr
                0x0000000000000222        0xe d:/program files/microchip/xc8/v2.50/avr/bin/../lib/gcc/avr/5.4.0/../../../../avr/lib/avr5\libm.a(addsf3.o)
 .stack.descriptors.hdr
                0x0000000000000230        0xe d:/program files/microchip/xc8/v2.50/avr/bin/../lib/gcc/avr/5.4.0/../../../../avr/lib/avr5\libm.a(addsf3x.o)
 .stack.descriptors.hdr
                0x000000000000023e        0xe d:/program files/microchip/xc8/v2.50/avr/bin/../lib/gcc/avr/5.4.0/../../../../avr/lib/avr5\libm.a(cmpsf2.o)
 .stack.descriptors.hdr
                0x000000000000024c        0xe d:/program files/microchip/xc8/v2.50/avr/bin/../lib/gcc/avr/5.4.0/../../../../avr/lib/avr5\libm.a(divsf3.o)
 .stack.descriptors.hdr
                0x000000000000025a        0xe d:/program files/microchip/xc8/v2.50/avr/bin/../lib/gcc/avr/5.4.0/../../../../avr/lib/avr5\libm.a(divsf3x.o)
 .stack.descriptors.hdr
                0x0000000000000268        0xe d:/program files/microchip/xc8/v2.50/avr/bin/../lib/gcc/avr/5.4.0/../../../../avr/lib/avr5\libm.a(fixsfsi.o)
 .stack.descriptors.hdr
                0x0000000000000276        0xe d:/program files/microchip/xc8/v2.50/avr/bin/../lib/gcc/avr/5.4.0/../../../../avr/lib/avr5\libm.a(fixunssfsi.o)
 .stack.descriptors.hdr
                0x0000000000000284        0xe d:/program files/microchip/xc8/v2.50/avr/bin/../lib/gcc/avr/5.4.0/../../../../avr/lib/avr5\libm.a(floorf.o)
 .stack.descriptors.hdr
                0x0000000000000292        0xe d:/program files/microchip/xc8/v2.50/avr/bin/../lib/gcc/avr/5.4.0/../../../../avr/lib/avr5\libm.a(fp_cmp.o)
 .stack.descriptors.hdr
                0x00000000000002a0        0xe d:/program files/microchip/xc8/v2.50/avr/bin/../lib/gcc/avr/5.4.0/../../../../avr/lib/avr5\libm.a(fp_inf.o)
 .stack.descriptors.hdr
                0x00000000000002ae        0xe d:/program files/microchip/xc8/v2.50/avr/bin/../lib/gcc/avr/5.4.0/../../../../avr/lib/avr5\libm.a(fp_nan.o)
 .stack.descriptors.hdr
                0x00000000000002bc        0xe d:/program files/microchip/xc8/v2.50/avr/bin/../lib/gcc/avr/5.4.0/../../../../avr/lib/avr5\libm.a(fp_pscA.o)
 .stack.descriptors.hdr
                0x00000000000002ca        0xe d:/program files/microchip/xc8/v2.50/avr/bin/../lib/gcc/avr/5.4.0/../../../../avr/lib/avr5\libm.a(fp_pscB.o)
 .stack.descriptors.hdr
                0x00000000000002d8        0xe d:/program files/microchip/xc8/v2.50/avr/bin/../lib/gcc/avr/5.4.0/../../../../avr/lib/avr5\libm.a(fp_round.o)
 .stack.descriptors.hdr
                0x00000000000002e6        0xe d:/program files/microchip/xc8/v2.50/avr/bin/../lib/gcc/avr/5.4.0/../../../../avr/lib/avr5\libm.a(fp_split3.o)
 .stack.descriptors.hdr
                0x00000000000002f4        0xe d:/program files/microchip/xc8/v2.50/avr/bin/../lib/gcc/avr/5.4.0/../../../../avr/lib/avr5\libm.a(fp_zero.o)
 .stack.descriptors.hdr
                0x0000000000000302        0xe d:/program files/microchip/xc8/v2.50/avr/bin/../lib/gcc/avr/5.4.0/../../../../avr/lib/avr5\libm.a(gesf2.o)
 .stack.descriptors.hdr
                0x0000000000000310        0xe d:/program files/microchip/xc8/v2.50/avr/bin/../lib/gcc/avr/5.4.0/../../../../avr/lib/avr5\libm.a(mulsf3.o)
 .stack.descriptors.hdr
                0x000000000000031e        0xe d:/program files/microchip/xc8/v2.50/avr/bin/../lib/gcc/avr/5.4.0/../../../../avr/lib/avr5\libm.a(mulsf3x.o)

.stack.descriptors
                0x0000000000000000      0x883
 .stack.descriptors
                0x0000000000000000       0x19 d:/program files/microchip/xc8/v2.50/avr/bin/../lib/gcc/avr/5.4.0/avr5\libgcc.a(_divmodhi4.o)
 .stack.descriptors
                0x0000000000000019       0x1a d:/program files/microchip/xc8/v2.50/avr/bin/../lib/gcc/avr/5.4.0/avr5\libgcc.a(_udivmodsi4.o)
 .stack.descriptors
                0x0000000000000033       0x19 d:/program files/microchip/xc8/v2.50/avr/bin/../lib/gcc/avr/5.4.0/avr5\libgcc.a(_umulhisi3.o)
 .stack.descriptors
                0x000000000000004c       0x1a d:/program files/microchip/xc8/v2.50/avr/bin/../lib/gcc/avr/5.4.0/avr5\libgcc.a(_udivmodhi4.o)
 .stack.descriptors
                0x0000000000000066       0x73 d:/program files/microchip/xc8/v2.50/avr/bin/../lib/gcc/avr/5.4.0/../../../../avr/lib/avr5\libc.a(exit.o)
 .stack.descriptors
                0x00000000000000d9       0x3c d:/program files/microchip/xc8/v2.50/avr/bin/../lib/gcc/avr/5.4.0/../../../../avr/lib/avr5\libc.a(__sio_sprintf_doux.o)
 .stack.descriptors
                0x0000000000000115       0x15 d:/program files/microchip/xc8/v2.50/avr/bin/../lib/gcc/avr/5.4.0/../../../../avr/lib/avr5\libc.a(__fmt_d.o)
 .stack.descriptors
                0x000000000000012a       0x15 d:/program files/microchip/xc8/v2.50/avr/bin/../lib/gcc/avr/5.4.0/../../../../avr/lib/avr5\libc.a(__fmt_o.o)
 .stack.descriptors
                0x000000000000013f       0x15 d:/program files/microchip/xc8/v2.50/avr/bin/../lib/gcc/avr/5.4.0/../../../../avr/lib/avr5\libc.a(__fmt_s.o)
 .stack.descriptors
                0x0000000000000154       0x2a d:/program files/microchip/xc8/v2.50/avr/bin/../lib/gcc/avr/5.4.0/../../../../avr/lib/avr5\libc.a(__fmt_u.o)
 .stack.descriptors
                0x000000000000017e       0x15 d:/program files/microchip/xc8/v2.50/avr/bin/../lib/gcc/avr/5.4.0/../../../../avr/lib/avr5\libc.a(__fmt_x.o)
 .stack.descriptors
                0x0000000000000193       0x17 d:/program files/microchip/xc8/v2.50/avr/bin/../lib/gcc/avr/5.4.0/../../../../avr/lib/avr5\libc.a(__pop_int.o)
 .stack.descriptors
                0x00000000000001aa       0x91 d:/program files/microchip/xc8/v2.50/avr/bin/../lib/gcc/avr/5.4.0/../../../../avr/lib/avr5\libc.a(__printf_core.o)
 .stack.descriptors
                0x000000000000023b       0x13 d:/program files/microchip/xc8/v2.50/avr/bin/../lib/gcc/avr/5.4.0/../../../../avr/lib/avr5\libc.a(fputc.o)
 .stack.descriptors
                0x000000000000024e       0x16 d:/program files/microchip/xc8/v2.50/avr/bin/../lib/gcc/avr/5.4.0/../../../../avr/lib/avr5\libc.a(snprintf.o)
 .stack.descriptors
                0x0000000000000264       0x14 d:/program files/microchip/xc8/v2.50/avr/bin/../lib/gcc/avr/5.4.0/../../../../avr/lib/avr5\libc.a(strlen.o)
 .stack.descriptors
                0x0000000000000278       0x2e d:/program files/microchip/xc8/v2.50/avr/bin/../lib/gcc/avr/5.4.0/../../../../avr/lib/avr5\libc.a(tolower.o)
 .stack.descriptors
                0x00000000000002a6       0x2e d:/program files/microchip/xc8/v2.50/avr/bin/../lib/gcc/avr/5.4.0/../../../../avr/lib/avr5\libc.a(toupper.o)
 .stack.descriptors
                0x00000000000002d4       0x13 d:/program files/microchip/xc8/v2.50/avr/bin/../lib/gcc/avr/5.4.0/../../../../avr/lib/avr5\libc.a(_Exit.o)
 .stack.descriptors
                0x00000000000002e7       0x18 d:/program files/microchip/xc8/v2.50/avr/bin/../lib/gcc/avr/5.4.0/../../../../avr/lib/avr5\libc.a(__int_vsprintf.o)
 .stack.descriptors
                0x00000000000002ff       0x19 d:/program files/microchip/xc8/v2.50/avr/bin/../lib/gcc/avr/5.4.0/../../../../avr/lib/avr5\libc.a(__int_vsnprintf.o)
 .stack.descriptors
                0x0000000000000318       0x17 d:/program files/microchip/xc8/v2.50/avr/bin/../lib/gcc/avr/5.4.0/../../../../avr/lib/avr5\libc.a(vsnprintf.o)
 .stack.descriptors
                0x000000000000032f       0x38 d:/program files/microchip/xc8/v2.50/avr/bin/../lib/gcc/avr/5.4.0/../../../../avr/lib/avr5\libc.a(vfprintf.o)
 .stack.descriptors
                0x0000000000000367       0x18 d:/program files/microchip/xc8/v2.50/avr/bin/../lib/gcc/avr/5.4.0/../../../../avr/lib/avr5\libc.a(__int_vfprintf.o)
 .stack.descriptors
                0x000000000000037f       0x1d d:/program files/microchip/xc8/v2.50/avr/bin/../lib/gcc/avr/5.4.0/../../../../avr/lib/avr5\libc.a(__io_fmt_needed.o)
 .stack.descriptors
                0x000000000000039c       0x17 d:/program files/microchip/xc8/v2.50/avr/bin/../lib/gcc/avr/5.4.0/../../../../avr/lib/avr5\libc.a(__pop_ptr.o)
 .stack.descriptors
                0x00000000000003b3       0x15 d:/program files/microchip/xc8/v2.50/avr/bin/../lib/gcc/avr/5.4.0/../../../../avr/lib/avr5\libc.a(__fmt_a.o)
 .stack.descriptors
                0x00000000000003c8       0x19 d:/program files/microchip/xc8/v2.50/avr/bin/../lib/gcc/avr/5.4.0/../../../../avr/lib/avr5\libc.a(__pop_float.o)
 .stack.descriptors
                0x00000000000003e1       0x14 d:/program files/microchip/xc8/v2.50/avr/bin/../lib/gcc/avr/5.4.0/../../../../avr/lib/avr5\libc.a(memset.o)
 .stack.descriptors
                0x00000000000003f5       0x14 d:/program files/microchip/xc8/v2.50/avr/bin/../lib/gcc/avr/5.4.0/../../../../avr/lib/avr5\libc.a(strcpy.o)
 .stack.descriptors
                0x0000000000000409       0xfb d:/program files/microchip/xc8/v2.50/avr/bin/../lib/gcc/avr/5.4.0/../../../../avr/lib/avr5\libc.a(__printf_64bit_arg_support.o)
 .stack.descriptors
                0x0000000000000504       0x16 d:/program files/microchip/xc8/v2.50/avr/bin/../lib/gcc/avr/5.4.0/../../../../avr/lib/avr5\libc.a(__fmt_fp.o)
 .stack.descriptors
                0x000000000000051a       0x13 d:/program files/microchip/xc8/v2.50/avr/bin/../lib/gcc/avr/5.4.0/avr5\libgcc.a(_exit.o)
 .stack.descriptors
                0x000000000000052d       0x4d d:/program files/microchip/xc8/v2.50/avr/bin/../lib/gcc/avr/5.4.0/avr5\libgcc.a(_udivdi3.o)
 .stack.descriptors
                0x000000000000057a       0x19 d:/program files/microchip/xc8/v2.50/avr/bin/../lib/gcc/avr/5.4.0/avr5\libgcc.a(_udivmod64.o)
 .stack.descriptors
                0x0000000000000593       0x16 d:/program files/microchip/xc8/v2.50/avr/bin/../lib/gcc/avr/5.4.0/avr5\libgcc.a(_negdi2.o)
 .stack.descriptors
                0x00000000000005a9       0x2e d:/program files/microchip/xc8/v2.50/avr/bin/../lib/gcc/avr/5.4.0/avr5\libgcc.a(_ashrdi3.o)
 .stack.descriptors
                0x00000000000005d7       0x19 d:/program files/microchip/xc8/v2.50/avr/bin/../lib/gcc/avr/5.4.0/avr5\libgcc.a(_cmpdi2_s8.o)
 .stack.descriptors
                0x00000000000005f0       0x2c d:/program files/microchip/xc8/v2.50/avr/bin/../lib/gcc/avr/5.4.0/../../../../avr/lib/avr5\libm.a(addsf3.o)
 .stack.descriptors
                0x000000000000061c       0x17 d:/program files/microchip/xc8/v2.50/avr/bin/../lib/gcc/avr/5.4.0/../../../../avr/lib/avr5\libm.a(addsf3x.o)
 .stack.descriptors
                0x0000000000000633       0x6a d:/program files/microchip/xc8/v2.50/avr/bin/../lib/gcc/avr/5.4.0/../../../../avr/lib/avr5\libm.a(cmpsf2.o)
 .stack.descriptors
                0x000000000000069d       0x16 d:/program files/microchip/xc8/v2.50/avr/bin/../lib/gcc/avr/5.4.0/../../../../avr/lib/avr5\libm.a(divsf3.o)
 .stack.descriptors
                0x00000000000006b3       0x31 d:/program files/microchip/xc8/v2.50/avr/bin/../lib/gcc/avr/5.4.0/../../../../avr/lib/avr5\libm.a(divsf3x.o)
 .stack.descriptors
                0x00000000000006e4       0x17 d:/program files/microchip/xc8/v2.50/avr/bin/../lib/gcc/avr/5.4.0/../../../../avr/lib/avr5\libm.a(fixsfsi.o)
 .stack.descriptors
                0x00000000000006fb       0x1a d:/program files/microchip/xc8/v2.50/avr/bin/../lib/gcc/avr/5.4.0/../../../../avr/lib/avr5\libm.a(fixunssfsi.o)
 .stack.descriptors
                0x0000000000000715       0x14 d:/program files/microchip/xc8/v2.50/avr/bin/../lib/gcc/avr/5.4.0/../../../../avr/lib/avr5\libm.a(floorf.o)
 .stack.descriptors
                0x0000000000000729       0x16 d:/program files/microchip/xc8/v2.50/avr/bin/../lib/gcc/avr/5.4.0/../../../../avr/lib/avr5\libm.a(fp_cmp.o)
 .stack.descriptors
                0x000000000000073f       0x16 d:/program files/microchip/xc8/v2.50/avr/bin/../lib/gcc/avr/5.4.0/../../../../avr/lib/avr5\libm.a(fp_inf.o)
 .stack.descriptors
                0x0000000000000755       0x16 d:/program files/microchip/xc8/v2.50/avr/bin/../lib/gcc/avr/5.4.0/../../../../avr/lib/avr5\libm.a(fp_nan.o)
 .stack.descriptors
                0x000000000000076b       0x17 d:/program files/microchip/xc8/v2.50/avr/bin/../lib/gcc/avr/5.4.0/../../../../avr/lib/avr5\libm.a(fp_pscA.o)
 .stack.descriptors
                0x0000000000000782       0x17 d:/program files/microchip/xc8/v2.50/avr/bin/../lib/gcc/avr/5.4.0/../../../../avr/lib/avr5\libm.a(fp_pscB.o)
 .stack.descriptors
                0x0000000000000799       0x18 d:/program files/microchip/xc8/v2.50/avr/bin/../lib/gcc/avr/5.4.0/../../../../avr/lib/avr5\libm.a(fp_round.o)
 .stack.descriptors
                0x00000000000007b1       0x32 d:/program files/microchip/xc8/v2.50/avr/bin/../lib/gcc/avr/5.4.0/../../../../avr/lib/avr5\libm.a(fp_split3.o)
 .stack.descriptors
                0x00000000000007e3       0x2f d:/program files/microchip/xc8/v2.50/avr/bin/../lib/gcc/avr/5.4.0/../../../../avr/lib/avr5\libm.a(fp_zero.o)
 .stack.descriptors
                0x0000000000000812       0x2a d:/program files/microchip/xc8/v2.50/avr/bin/../lib/gcc/avr/5.4.0/../../../../avr/lib/avr5\libm.a(gesf2.o)
 .stack.descriptors
                0x000000000000083c       0x16 d:/program files/microchip/xc8/v2.50/avr/bin/../lib/gcc/avr/5.4.0/../../../../avr/lib/avr5\libm.a(mulsf3.o)
 .stack.descriptors
                0x0000000000000852       0x31 d:/program files/microchip/xc8/v2.50/avr/bin/../lib/gcc/avr/5.4.0/../../../../avr/lib/avr5\libm.a(mulsf3x.o)

.note.GNU-stack
                0x0000000000000000        0x0
 .note.GNU-stack
                0x0000000000000000        0x0 d:/program files/microchip/xc8/v2.50/avr/bin/../lib/gcc/avr/5.4.0/../../../../avr/lib/avr5\libc.a(exit.o)
 .note.GNU-stack
                0x0000000000000000        0x0 d:/program files/microchip/xc8/v2.50/avr/bin/../lib/gcc/avr/5.4.0/../../../../avr/lib/avr5\libc.a(__sio_sprintf_doux.o)
 .note.GNU-stack
                0x0000000000000000        0x0 d:/program files/microchip/xc8/v2.50/avr/bin/../lib/gcc/avr/5.4.0/../../../../avr/lib/avr5\libc.a(__fmt_d.o)
 .note.GNU-stack
                0x0000000000000000        0x0 d:/program files/microchip/xc8/v2.50/avr/bin/../lib/gcc/avr/5.4.0/../../../../avr/lib/avr5\libc.a(__fmt_o.o)
 .note.GNU-stack
                0x0000000000000000        0x0 d:/program files/microchip/xc8/v2.50/avr/bin/../lib/gcc/avr/5.4.0/../../../../avr/lib/avr5\libc.a(__fmt_s.o)
 .note.GNU-stack
                0x0000000000000000        0x0 d:/program files/microchip/xc8/v2.50/avr/bin/../lib/gcc/avr/5.4.0/../../../../avr/lib/avr5\libc.a(__fmt_u.o)
 .note.GNU-stack
                0x0000000000000000        0x0 d:/program files/microchip/xc8/v2.50/avr/bin/../lib/gcc/avr/5.4.0/../../../../avr/lib/avr5\libc.a(__fmt_x.o)
 .note.GNU-stack
                0x0000000000000000        0x0 d:/program files/microchip/xc8/v2.50/avr/bin/../lib/gcc/avr/5.4.0/../../../../avr/lib/avr5\libc.a(__pop_int.o)
 .note.GNU-stack
                0x0000000000000000        0x0 d:/program files/microchip/xc8/v2.50/avr/bin/../lib/gcc/avr/5.4.0/../../../../avr/lib/avr5\libc.a(__printf_core.o)
 .note.GNU-stack
                0x0000000000000000        0x0 d:/program files/microchip/xc8/v2.50/avr/bin/../lib/gcc/avr/5.4.0/../../../../avr/lib/avr5\libc.a(fputc.o)
 .note.GNU-stack
                0x0000000000000000        0x0 d:/program files/microchip/xc8/v2.50/avr/bin/../lib/gcc/avr/5.4.0/../../../../avr/lib/avr5\libc.a(snprintf.o)
 .note.GNU-stack
                0x0000000000000000        0x0 d:/program files/microchip/xc8/v2.50/avr/bin/../lib/gcc/avr/5.4.0/../../../../avr/lib/avr5\libc.a(strlen.o)
 .note.GNU-stack
                0x0000000000000000        0x0 d:/program files/microchip/xc8/v2.50/avr/bin/../lib/gcc/avr/5.4.0/../../../../avr/lib/avr5\libc.a(tolower.o)
 .note.GNU-stack
                0x0000000000000000        0x0 d:/program files/microchip/xc8/v2.50/avr/bin/../lib/gcc/avr/5.4.0/../../../../avr/lib/avr5\libc.a(toupper.o)
 .note.GNU-stack
                0x0000000000000000        0x0 d:/program files/microchip/xc8/v2.50/avr/bin/../lib/gcc/avr/5.4.0/../../../../avr/lib/avr5\libc.a(errno.o)
 .note.GNU-stack
                0x0000000000000000        0x0 d:/program files/microchip/xc8/v2.50/avr/bin/../lib/gcc/avr/5.4.0/../../../../avr/lib/avr5\libc.a(_Exit.o)
 .note.GNU-stack
                0x0000000000000000        0x0 d:/program files/microchip/xc8/v2.50/avr/bin/../lib/gcc/avr/5.4.0/../../../../avr/lib/avr5\libc.a(__int_vsprintf.o)
 .note.GNU-stack
                0x0000000000000000        0x0 d:/program files/microchip/xc8/v2.50/avr/bin/../lib/gcc/avr/5.4.0/../../../../avr/lib/avr5\libc.a(__int_vsnprintf.o)
 .note.GNU-stack
                0x0000000000000000        0x0 d:/program files/microchip/xc8/v2.50/avr/bin/../lib/gcc/avr/5.4.0/../../../../avr/lib/avr5\libc.a(vsnprintf.o)
 .note.GNU-stack
                0x0000000000000000        0x0 d:/program files/microchip/xc8/v2.50/avr/bin/../lib/gcc/avr/5.4.0/../../../../avr/lib/avr5\libc.a(vfprintf.o)
 .note.GNU-stack
                0x0000000000000000        0x0 d:/program files/microchip/xc8/v2.50/avr/bin/../lib/gcc/avr/5.4.0/../../../../avr/lib/avr5\libc.a(__int_vfprintf.o)
 .note.GNU-stack
                0x0000000000000000        0x0 d:/program files/microchip/xc8/v2.50/avr/bin/../lib/gcc/avr/5.4.0/../../../../avr/lib/avr5\libc.a(__io_fmt_needed.o)
 .note.GNU-stack
                0x0000000000000000        0x0 d:/program files/microchip/xc8/v2.50/avr/bin/../lib/gcc/avr/5.4.0/../../../../avr/lib/avr5\libc.a(__pop_ptr.o)
 .note.GNU-stack
                0x0000000000000000        0x0 d:/program files/microchip/xc8/v2.50/avr/bin/../lib/gcc/avr/5.4.0/../../../../avr/lib/avr5\libc.a(__fmt_a.o)
 .note.GNU-stack
                0x0000000000000000        0x0 d:/program files/microchip/xc8/v2.50/avr/bin/../lib/gcc/avr/5.4.0/../../../../avr/lib/avr5\libc.a(__pop_float.o)
 .note.GNU-stack
                0x0000000000000000        0x0 d:/program files/microchip/xc8/v2.50/avr/bin/../lib/gcc/avr/5.4.0/../../../../avr/lib/avr5\libc.a(memset.o)
 .note.GNU-stack
                0x0000000000000000        0x0 d:/program files/microchip/xc8/v2.50/avr/bin/../lib/gcc/avr/5.4.0/../../../../avr/lib/avr5\libc.a(strcpy.o)
 .note.GNU-stack
                0x0000000000000000        0x0 d:/program files/microchip/xc8/v2.50/avr/bin/../lib/gcc/avr/5.4.0/../../../../avr/lib/avr5\libc.a(__printf_64bit_arg_support.o)
 .note.GNU-stack
                0x0000000000000000        0x0 d:/program files/microchip/xc8/v2.50/avr/bin/../lib/gcc/avr/5.4.0/../../../../avr/lib/avr5\libc.a(__fmt_fp.o)
 .note.GNU-stack
                0x0000000000000000        0x0 d:/program files/microchip/xc8/v2.50/avr/bin/../lib/gcc/avr/5.4.0/../../../../avr/lib/avr5\libm.a(addsf3.o)
 .note.GNU-stack
                0x0000000000000000        0x0 d:/program files/microchip/xc8/v2.50/avr/bin/../lib/gcc/avr/5.4.0/../../../../avr/lib/avr5\libm.a(addsf3x.o)
 .note.GNU-stack
                0x0000000000000000        0x0 d:/program files/microchip/xc8/v2.50/avr/bin/../lib/gcc/avr/5.4.0/../../../../avr/lib/avr5\libm.a(cmpsf2.o)
 .note.GNU-stack
                0x0000000000000000        0x0 d:/program files/microchip/xc8/v2.50/avr/bin/../lib/gcc/avr/5.4.0/../../../../avr/lib/avr5\libm.a(divsf3.o)
 .note.GNU-stack
                0x0000000000000000        0x0 d:/program files/microchip/xc8/v2.50/avr/bin/../lib/gcc/avr/5.4.0/../../../../avr/lib/avr5\libm.a(divsf3x.o)
 .note.GNU-stack
                0x0000000000000000        0x0 d:/program files/microchip/xc8/v2.50/avr/bin/../lib/gcc/avr/5.4.0/../../../../avr/lib/avr5\libm.a(fixsfsi.o)
 .note.GNU-stack
                0x0000000000000000        0x0 d:/program files/microchip/xc8/v2.50/avr/bin/../lib/gcc/avr/5.4.0/../../../../avr/lib/avr5\libm.a(fixunssfsi.o)
 .note.GNU-stack
                0x0000000000000000        0x0 d:/program files/microchip/xc8/v2.50/avr/bin/../lib/gcc/avr/5.4.0/../../../../avr/lib/avr5\libm.a(floorf.o)
 .note.GNU-stack
                0x0000000000000000        0x0 d:/program files/microchip/xc8/v2.50/avr/bin/../lib/gcc/avr/5.4.0/../../../../avr/lib/avr5\libm.a(fp_cmp.o)
 .note.GNU-stack
                0x0000000000000000        0x0 d:/program files/microchip/xc8/v2.50/avr/bin/../lib/gcc/avr/5.4.0/../../../../avr/lib/avr5\libm.a(fp_inf.o)
 .note.GNU-stack
                0x0000000000000000        0x0 d:/program files/microchip/xc8/v2.50/avr/bin/../lib/gcc/avr/5.4.0/../../../../avr/lib/avr5\libm.a(fp_nan.o)
 .note.GNU-stack
                0x0000000000000000        0x0 d:/program files/microchip/xc8/v2.50/avr/bin/../lib/gcc/avr/5.4.0/../../../../avr/lib/avr5\libm.a(fp_pscA.o)
 .note.GNU-stack
                0x0000000000000000        0x0 d:/program files/microchip/xc8/v2.50/avr/bin/../lib/gcc/avr/5.4.0/../../../../avr/lib/avr5\libm.a(fp_pscB.o)
 .note.GNU-stack
                0x0000000000000000        0x0 d:/program files/microchip/xc8/v2.50/avr/bin/../lib/gcc/avr/5.4.0/../../../../avr/lib/avr5\libm.a(fp_round.o)
 .note.GNU-stack
                0x0000000000000000        0x0 d:/program files/microchip/xc8/v2.50/avr/bin/../lib/gcc/avr/5.4.0/../../../../avr/lib/avr5\libm.a(fp_split3.o)
 .note.GNU-stack
                0x0000000000000000        0x0 d:/program files/microchip/xc8/v2.50/avr/bin/../lib/gcc/avr/5.4.0/../../../../avr/lib/avr5\libm.a(fp_zero.o)
 .note.GNU-stack
                0x0000000000000000        0x0 d:/program files/microchip/xc8/v2.50/avr/bin/../lib/gcc/avr/5.4.0/../../../../avr/lib/avr5\libm.a(gesf2.o)
 .note.GNU-stack
                0x0000000000000000        0x0 d:/program files/microchip/xc8/v2.50/avr/bin/../lib/gcc/avr/5.4.0/../../../../avr/lib/avr5\libm.a(mulsf3.o)
 .note.GNU-stack
                0x0000000000000000        0x0 d:/program files/microchip/xc8/v2.50/avr/bin/../lib/gcc/avr/5.4.0/../../../../avr/lib/avr5\libm.a(mulsf3x.o)

.note.gnu.build-id
 *(.note.gnu.build-id)

.debug
 *(.debug)

.line
 *(.line)

.debug_srcinfo
 *(.debug_srcinfo)

.debug_sfnames
 *(.debug_sfnames)

.debug_aranges  0x0000000000000000      0x1c0
 *(.debug_aranges)
 .debug_aranges
                0x0000000000000000       0xc8 build/default/production/part_d1.o
 .debug_aranges
                0x00000000000000c8       0x30 build/default/production/uart.o
 .debug_aranges
                0x00000000000000f8       0x60 build/default/production/_ext/1894741347/LCD_GFX.o
 .debug_aranges
                0x0000000000000158       0x68 build/default/production/_ext/1894741347/ST7735.o

.debug_pubnames
 *(.debug_pubnames)

.debug_info     0x0000000000000000     0x4252
 *(.debug_info .gnu.linkonce.wi.*)
 .debug_info    0x0000000000000000      0x8ea D:/Program Files/Microchip/MPLABX/v6.20/packs/Microchip/ATmega_DFP/3.1.264/xc8/avr/lib/avr5/crtatmega328pb.o
 .debug_info    0x00000000000008ea     0x24e8 build/default/production/part_d1.o
 .debug_info    0x0000000000002dd2      0x2ce build/default/production/uart.o
 .debug_info    0x00000000000030a0      0xa63 build/default/production/_ext/1894741347/LCD_GFX.o
 .debug_info    0x0000000000003b03      0x74f build/default/production/_ext/1894741347/ST7735.o

.debug_abbrev   0x0000000000000000      0xf63
 *(.debug_abbrev)
 .debug_abbrev  0x0000000000000000      0x86e D:/Program Files/Microchip/MPLABX/v6.20/packs/Microchip/ATmega_DFP/3.1.264/xc8/avr/lib/avr5/crtatmega328pb.o
 .debug_abbrev  0x000000000000086e      0x3b6 build/default/production/part_d1.o
 .debug_abbrev  0x0000000000000c24       0x7a build/default/production/uart.o
 .debug_abbrev  0x0000000000000c9e      0x138 build/default/production/_ext/1894741347/LCD_GFX.o
 .debug_abbrev  0x0000000000000dd6      0x18d build/default/production/_ext/1894741347/ST7735.o

.debug_line     0x0000000000000000     0x15f8
 *(.debug_line .debug_line.* .debug_line_end)
 .debug_line    0x0000000000000000      0x1a6 D:/Program Files/Microchip/MPLABX/v6.20/packs/Microchip/ATmega_DFP/3.1.264/xc8/avr/lib/avr5/crtatmega328pb.o
 .debug_line    0x00000000000001a6      0xc93 build/default/production/part_d1.o
 .debug_line    0x0000000000000e39       0xe8 build/default/production/uart.o
 .debug_line    0x0000000000000f21      0x3a6 build/default/production/_ext/1894741347/LCD_GFX.o
 .debug_line    0x00000000000012c7      0x331 build/default/production/_ext/1894741347/ST7735.o

.debug_frame    0x0000000000000000      0x77c
 *(.debug_frame)
 .debug_frame   0x0000000000000000      0x3a8 build/default/production/part_d1.o
 .debug_frame   0x00000000000003a8       0x50 build/default/production/uart.o
 .debug_frame   0x00000000000003f8      0x280 build/default/production/_ext/1894741347/LCD_GFX.o
 .debug_frame   0x0000000000000678      0x104 build/default/production/_ext/1894741347/ST7735.o

.debug_str      0x0000000000000000      0x3fd
 *(.debug_str)
 .debug_str     0x0000000000000000      0x318 D:/Program Files/Microchip/MPLABX/v6.20/packs/Microchip/ATmega_DFP/3.1.264/xc8/avr/lib/avr5/crtatmega328pb.o
 .debug_str     0x0000000000000318       0x98 build/default/production/part_d1.o
 .debug_str     0x00000000000003b0        0x0 build/default/production/uart.o
 .debug_str     0x00000000000003b0       0x41 build/default/production/_ext/1894741347/LCD_GFX.o
 .debug_str     0x00000000000003f1        0xc build/default/production/_ext/1894741347/ST7735.o

.debug_loc      0x0000000000000000     0x1af1
 *(.debug_loc)
 .debug_loc     0x0000000000000000      0xced build/default/production/part_d1.o
 .debug_loc     0x0000000000000ced       0x78 build/default/production/uart.o
 .debug_loc     0x0000000000000d65      0x9b4 build/default/production/_ext/1894741347/LCD_GFX.o
 .debug_loc     0x0000000000001719      0x3d8 build/default/production/_ext/1894741347/ST7735.o

.debug_macinfo
 *(.debug_macinfo)

.debug_weaknames
 *(.debug_weaknames)

.debug_funcnames
 *(.debug_funcnames)

.debug_typenames
 *(.debug_typenames)

.debug_varnames
 *(.debug_varnames)

.debug_pubtypes
 *(.debug_pubtypes)

.debug_ranges   0x0000000000000000      0x280
 *(.debug_ranges)
 .debug_ranges  0x0000000000000000      0x188 build/default/production/part_d1.o
 .debug_ranges  0x0000000000000188       0x20 build/default/production/uart.o
 .debug_ranges  0x00000000000001a8       0x80 build/default/production/_ext/1894741347/LCD_GFX.o
 .debug_ranges  0x0000000000000228       0x58 build/default/production/_ext/1894741347/ST7735.o

.debug_macro
 *(.debug_macro)
OUTPUT(dist/default/production/part_d1.X.production.elf elf32-avr)
LOAD linker stubs
LOAD data_init

.data%z1        0x0000000000800100        0x0
 .data          0x0000000000800100        0x0 D:/Program Files/Microchip/MPLABX/v6.20/packs/Microchip/ATmega_DFP/3.1.264/xc8/avr/lib/avr5/crtatmega328pb.o

.bss%z2         0x0000000000800100        0x0
 .bss           0x0000000000800100        0x0 D:/Program Files/Microchip/MPLABX/v6.20/packs/Microchip/ATmega_DFP/3.1.264/xc8/avr/lib/avr5/crtatmega328pb.o

.note.gnu.avr.deviceinfo
                0x0000000000000000       0x40
 .note.gnu.avr.deviceinfo
                0x0000000000000000       0x40 D:/Program Files/Microchip/MPLABX/v6.20/packs/Microchip/ATmega_DFP/3.1.264/xc8/avr/lib/avr5/crtatmega328pb.o

.text%z3        0x0000000000000000        0x0
 .text          0x0000000000000000        0x0 build/default/production/part_d1.o

.data%z4        0x0000000000800100        0x0
 .data          0x0000000000800100        0x0 build/default/production/part_d1.o

.bss%z5         0x0000000000800100        0x0
 .bss           0x0000000000800100        0x0 build/default/production/part_d1.o

.bss.start_prev.2670
                0x00000000008004dc        0x1
 .bss.start_prev.2670
                0x00000000008004dc        0x1 build/default/production/part_d1.o

.bss.shift_prev.2671
                0x00000000008004dd        0x1
 .bss.shift_prev.2671
                0x00000000008004dd        0x1 build/default/production/part_d1.o

.bss.dec_prev.2669
                0x00000000008004de        0x1
 .bss.dec_prev.2669
                0x00000000008004de        0x1 build/default/production/part_d1.o

.bss.inc_prev.2668
                0x00000000008004df        0x1
 .bss.inc_prev.2668
                0x00000000008004df        0x1 build/default/production/part_d1.o

.bss.debounce_counter.2775
                0x00000000008004e0        0x1
 .bss.debounce_counter.2775
                0x00000000008004e0        0x1 build/default/production/part_d1.o

.bss.sensor_timer.2776
                0x00000000008004d5        0x2
 .bss.sensor_timer.2776
                0x00000000008004d5        0x2 build/default/production/part_d1.o

.bss.tick_count.2644
                0x00000000008004e1        0x1
 .bss.tick_count.2644
                0x00000000008004e1        0x1 build/default/production/part_d1.o

.bss.pressure_detected
                0x00000000008004e2        0x1
 .bss.pressure_detected
                0x00000000008004e2        0x1 build/default/production/part_d1.o
                0x00000000008004e2                pressure_detected

.bss.music_playing
                0x00000000008004e3        0x1
 .bss.music_playing
                0x00000000008004e3        0x1 build/default/production/part_d1.o
                0x00000000008004e3                music_playing

.bss.adc_value  0x00000000008004d7        0x2
 .bss.adc_value
                0x00000000008004d7        0x2 build/default/production/part_d1.o
                0x00000000008004d7                adc_value

.bss.prev_humid
                0x00000000008004e4        0x1
 .bss.prev_humid
                0x00000000008004e4        0x1 build/default/production/part_d1.o
                0x00000000008004e4                prev_humid

.bss.prev_temp  0x00000000008004e5        0x1
 .bss.prev_temp
                0x00000000008004e5        0x1 build/default/production/part_d1.o
                0x00000000008004e5                prev_temp

.bss.current_humid
                0x00000000008004e6        0x1
 .bss.current_humid
                0x00000000008004e6        0x1 build/default/production/part_d1.o
                0x00000000008004e6                current_humid

.bss.current_temp
                0x00000000008004e7        0x1
 .bss.current_temp
                0x00000000008004e7        0x1 build/default/production/part_d1.o
                0x00000000008004e7                current_temp

.bss.time_unit  0x00000000008004e8        0x1
 .bss.time_unit
                0x00000000008004e8        0x1 build/default/production/part_d1.o
                0x00000000008004e8                time_unit

.bss.timer_ended
                0x00000000008004e9        0x1
 .bss.timer_ended
                0x00000000008004e9        0x1 build/default/production/part_d1.o
                0x00000000008004e9                timer_ended

.bss.timer_running
                0x00000000008004ea        0x1
 .bss.timer_running
                0x00000000008004ea        0x1 build/default/production/part_d1.o
                0x00000000008004ea                timer_running

.text%z6        0x0000000000000000        0x0
 .text          0x0000000000000000        0x0 build/default/production/uart.o

.data%z7        0x0000000000800100        0x0
 .data          0x0000000000800100        0x0 build/default/production/uart.o

.bss%z8         0x0000000000800100        0x0
 .bss           0x0000000000800100        0x0 build/default/production/uart.o

.text%z9        0x0000000000000000        0x0
 .text          0x0000000000000000        0x0 build/default/production/_ext/1894741347/LCD_GFX.o

.data%z10       0x0000000000800100        0x0
 .data          0x0000000000800100        0x0 build/default/production/_ext/1894741347/LCD_GFX.o

.bss%z11        0x0000000000800100        0x0
 .bss           0x0000000000800100        0x0 build/default/production/_ext/1894741347/LCD_GFX.o

.text%z12       0x0000000000000000        0x0
 .text          0x0000000000000000        0x0 build/default/production/_ext/1894741347/ST7735.o

.data%z13       0x0000000000800100        0x0
 .data          0x0000000000800100        0x0 build/default/production/_ext/1894741347/ST7735.o

.bss%z14        0x0000000000800100        0x0
 .bss           0x0000000000800100        0x0 build/default/production/_ext/1894741347/ST7735.o

.text%z15       0x0000000000000000        0x0
 .text          0x0000000000000000        0x0 d:/program files/microchip/xc8/v2.50/avr/bin/../lib/gcc/avr/5.4.0/avr5\libgcc.a(_divmodhi4.o)

.data%z16       0x0000000000800100        0x0
 .data          0x0000000000800100        0x0 d:/program files/microchip/xc8/v2.50/avr/bin/../lib/gcc/avr/5.4.0/avr5\libgcc.a(_divmodhi4.o)

.bss%z17        0x0000000000800100        0x0
 .bss           0x0000000000800100        0x0 d:/program files/microchip/xc8/v2.50/avr/bin/../lib/gcc/avr/5.4.0/avr5\libgcc.a(_divmodhi4.o)

.text.libgcc.mul%z18
                0x0000000000000000        0x0
 .text.libgcc.mul
                0x0000000000000000        0x0 d:/program files/microchip/xc8/v2.50/avr/bin/../lib/gcc/avr/5.4.0/avr5\libgcc.a(_divmodhi4.o)

.text.libgcc%z19
                0x0000000000000000        0x0
 .text.libgcc   0x0000000000000000        0x0 d:/program files/microchip/xc8/v2.50/avr/bin/../lib/gcc/avr/5.4.0/avr5\libgcc.a(_divmodhi4.o)

.text.libgcc.prologue%z20
                0x0000000000000000        0x0
 .text.libgcc.prologue
                0x0000000000000000        0x0 d:/program files/microchip/xc8/v2.50/avr/bin/../lib/gcc/avr/5.4.0/avr5\libgcc.a(_divmodhi4.o)

.text.libgcc.builtins%z21
                0x0000000000000000        0x0
 .text.libgcc.builtins
                0x0000000000000000        0x0 d:/program files/microchip/xc8/v2.50/avr/bin/../lib/gcc/avr/5.4.0/avr5\libgcc.a(_divmodhi4.o)

.text.libgcc.fmul%z22
                0x0000000000000000        0x0
 .text.libgcc.fmul
                0x0000000000000000        0x0 d:/program files/microchip/xc8/v2.50/avr/bin/../lib/gcc/avr/5.4.0/avr5\libgcc.a(_divmodhi4.o)

.text.libgcc.fixed%z23
                0x0000000000000000        0x0
 .text.libgcc.fixed
                0x0000000000000000        0x0 d:/program files/microchip/xc8/v2.50/avr/bin/../lib/gcc/avr/5.4.0/avr5\libgcc.a(_divmodhi4.o)

.text%z24       0x0000000000000000        0x0
 .text          0x0000000000000000        0x0 d:/program files/microchip/xc8/v2.50/avr/bin/../lib/gcc/avr/5.4.0/avr5\libgcc.a(_udivmodsi4.o)

.data%z25       0x0000000000800100        0x0
 .data          0x0000000000800100        0x0 d:/program files/microchip/xc8/v2.50/avr/bin/../lib/gcc/avr/5.4.0/avr5\libgcc.a(_udivmodsi4.o)

.bss%z26        0x0000000000800100        0x0
 .bss           0x0000000000800100        0x0 d:/program files/microchip/xc8/v2.50/avr/bin/../lib/gcc/avr/5.4.0/avr5\libgcc.a(_udivmodsi4.o)

.text.libgcc.mul%z27
                0x0000000000000000        0x0
 .text.libgcc.mul
                0x0000000000000000        0x0 d:/program files/microchip/xc8/v2.50/avr/bin/../lib/gcc/avr/5.4.0/avr5\libgcc.a(_udivmodsi4.o)

.text.libgcc%z28
                0x0000000000000000        0x0
 .text.libgcc   0x0000000000000000        0x0 d:/program files/microchip/xc8/v2.50/avr/bin/../lib/gcc/avr/5.4.0/avr5\libgcc.a(_udivmodsi4.o)

.text.libgcc.prologue%z29
                0x0000000000000000        0x0
 .text.libgcc.prologue
                0x0000000000000000        0x0 d:/program files/microchip/xc8/v2.50/avr/bin/../lib/gcc/avr/5.4.0/avr5\libgcc.a(_udivmodsi4.o)

.text.libgcc.builtins%z30
                0x0000000000000000        0x0
 .text.libgcc.builtins
                0x0000000000000000        0x0 d:/program files/microchip/xc8/v2.50/avr/bin/../lib/gcc/avr/5.4.0/avr5\libgcc.a(_udivmodsi4.o)

.text.libgcc.fmul%z31
                0x0000000000000000        0x0
 .text.libgcc.fmul
                0x0000000000000000        0x0 d:/program files/microchip/xc8/v2.50/avr/bin/../lib/gcc/avr/5.4.0/avr5\libgcc.a(_udivmodsi4.o)

.text.libgcc.fixed%z32
                0x0000000000000000        0x0
 .text.libgcc.fixed
                0x0000000000000000        0x0 d:/program files/microchip/xc8/v2.50/avr/bin/../lib/gcc/avr/5.4.0/avr5\libgcc.a(_udivmodsi4.o)

.text%z33       0x0000000000000000        0x0
 .text          0x0000000000000000        0x0 d:/program files/microchip/xc8/v2.50/avr/bin/../lib/gcc/avr/5.4.0/avr5\libgcc.a(_copy_data.o)

.data%z34       0x0000000000800100        0x0
 .data          0x0000000000800100        0x0 d:/program files/microchip/xc8/v2.50/avr/bin/../lib/gcc/avr/5.4.0/avr5\libgcc.a(_copy_data.o)

.bss%z35        0x0000000000800100        0x0
 .bss           0x0000000000800100        0x0 d:/program files/microchip/xc8/v2.50/avr/bin/../lib/gcc/avr/5.4.0/avr5\libgcc.a(_copy_data.o)

.text.libgcc.mul%z36
                0x0000000000000000        0x0
 .text.libgcc.mul
                0x0000000000000000        0x0 d:/program files/microchip/xc8/v2.50/avr/bin/../lib/gcc/avr/5.4.0/avr5\libgcc.a(_copy_data.o)

.text.libgcc.div%z37
                0x0000000000000000        0x0
 .text.libgcc.div
                0x0000000000000000        0x0 d:/program files/microchip/xc8/v2.50/avr/bin/../lib/gcc/avr/5.4.0/avr5\libgcc.a(_copy_data.o)

.text.libgcc%z38
                0x0000000000000000        0x0
 .text.libgcc   0x0000000000000000        0x0 d:/program files/microchip/xc8/v2.50/avr/bin/../lib/gcc/avr/5.4.0/avr5\libgcc.a(_copy_data.o)

.text.libgcc.prologue%z39
                0x0000000000000000        0x0
 .text.libgcc.prologue
                0x0000000000000000        0x0 d:/program files/microchip/xc8/v2.50/avr/bin/../lib/gcc/avr/5.4.0/avr5\libgcc.a(_copy_data.o)

.text.libgcc.builtins%z40
                0x0000000000000000        0x0
 .text.libgcc.builtins
                0x0000000000000000        0x0 d:/program files/microchip/xc8/v2.50/avr/bin/../lib/gcc/avr/5.4.0/avr5\libgcc.a(_copy_data.o)

.text.libgcc.fmul%z41
                0x0000000000000000        0x0
 .text.libgcc.fmul
                0x0000000000000000        0x0 d:/program files/microchip/xc8/v2.50/avr/bin/../lib/gcc/avr/5.4.0/avr5\libgcc.a(_copy_data.o)

.text.libgcc.fixed%z42
                0x0000000000000000        0x0
 .text.libgcc.fixed
                0x0000000000000000        0x0 d:/program files/microchip/xc8/v2.50/avr/bin/../lib/gcc/avr/5.4.0/avr5\libgcc.a(_copy_data.o)

.text%z43       0x0000000000000000        0x0
 .text          0x0000000000000000        0x0 d:/program files/microchip/xc8/v2.50/avr/bin/../lib/gcc/avr/5.4.0/avr5\libgcc.a(_umulhisi3.o)

.data%z44       0x0000000000800100        0x0
 .data          0x0000000000800100        0x0 d:/program files/microchip/xc8/v2.50/avr/bin/../lib/gcc/avr/5.4.0/avr5\libgcc.a(_umulhisi3.o)

.bss%z45        0x0000000000800100        0x0
 .bss           0x0000000000800100        0x0 d:/program files/microchip/xc8/v2.50/avr/bin/../lib/gcc/avr/5.4.0/avr5\libgcc.a(_umulhisi3.o)

.text.libgcc.div%z46
                0x0000000000000000        0x0
 .text.libgcc.div
                0x0000000000000000        0x0 d:/program files/microchip/xc8/v2.50/avr/bin/../lib/gcc/avr/5.4.0/avr5\libgcc.a(_umulhisi3.o)

.text.libgcc%z47
                0x0000000000000000        0x0
 .text.libgcc   0x0000000000000000        0x0 d:/program files/microchip/xc8/v2.50/avr/bin/../lib/gcc/avr/5.4.0/avr5\libgcc.a(_umulhisi3.o)

.text.libgcc.prologue%z48
                0x0000000000000000        0x0
 .text.libgcc.prologue
                0x0000000000000000        0x0 d:/program files/microchip/xc8/v2.50/avr/bin/../lib/gcc/avr/5.4.0/avr5\libgcc.a(_umulhisi3.o)

.text.libgcc.builtins%z49
                0x0000000000000000        0x0
 .text.libgcc.builtins
                0x0000000000000000        0x0 d:/program files/microchip/xc8/v2.50/avr/bin/../lib/gcc/avr/5.4.0/avr5\libgcc.a(_umulhisi3.o)

.text.libgcc.fmul%z50
                0x0000000000000000        0x0
 .text.libgcc.fmul
                0x0000000000000000        0x0 d:/program files/microchip/xc8/v2.50/avr/bin/../lib/gcc/avr/5.4.0/avr5\libgcc.a(_umulhisi3.o)

.text.libgcc.fixed%z51
                0x0000000000000000        0x0
 .text.libgcc.fixed
                0x0000000000000000        0x0 d:/program files/microchip/xc8/v2.50/avr/bin/../lib/gcc/avr/5.4.0/avr5\libgcc.a(_umulhisi3.o)

.text%z52       0x0000000000000000        0x0
 .text          0x0000000000000000        0x0 d:/program files/microchip/xc8/v2.50/avr/bin/../lib/gcc/avr/5.4.0/avr5\libgcc.a(_udivmodhi4.o)

.data%z53       0x0000000000800100        0x0
 .data          0x0000000000800100        0x0 d:/program files/microchip/xc8/v2.50/avr/bin/../lib/gcc/avr/5.4.0/avr5\libgcc.a(_udivmodhi4.o)

.bss%z54        0x0000000000800100        0x0
 .bss           0x0000000000800100        0x0 d:/program files/microchip/xc8/v2.50/avr/bin/../lib/gcc/avr/5.4.0/avr5\libgcc.a(_udivmodhi4.o)

.text.libgcc.mul%z55
                0x0000000000000000        0x0
 .text.libgcc.mul
                0x0000000000000000        0x0 d:/program files/microchip/xc8/v2.50/avr/bin/../lib/gcc/avr/5.4.0/avr5\libgcc.a(_udivmodhi4.o)

.text.libgcc%z56
                0x0000000000000000        0x0
 .text.libgcc   0x0000000000000000        0x0 d:/program files/microchip/xc8/v2.50/avr/bin/../lib/gcc/avr/5.4.0/avr5\libgcc.a(_udivmodhi4.o)

.text.libgcc.prologue%z57
                0x0000000000000000        0x0
 .text.libgcc.prologue
                0x0000000000000000        0x0 d:/program files/microchip/xc8/v2.50/avr/bin/../lib/gcc/avr/5.4.0/avr5\libgcc.a(_udivmodhi4.o)

.text.libgcc.builtins%z58
                0x0000000000000000        0x0
 .text.libgcc.builtins
                0x0000000000000000        0x0 d:/program files/microchip/xc8/v2.50/avr/bin/../lib/gcc/avr/5.4.0/avr5\libgcc.a(_udivmodhi4.o)

.text.libgcc.fmul%z59
                0x0000000000000000        0x0
 .text.libgcc.fmul
                0x0000000000000000        0x0 d:/program files/microchip/xc8/v2.50/avr/bin/../lib/gcc/avr/5.4.0/avr5\libgcc.a(_udivmodhi4.o)

.text.libgcc.fixed%z60
                0x0000000000000000        0x0
 .text.libgcc.fixed
                0x0000000000000000        0x0 d:/program files/microchip/xc8/v2.50/avr/bin/../lib/gcc/avr/5.4.0/avr5\libgcc.a(_udivmodhi4.o)

.text%z61       0x0000000000000000        0x0
 .text          0x0000000000000000        0x0 d:/program files/microchip/xc8/v2.50/avr/bin/../lib/gcc/avr/5.4.0/../../../../avr/lib/avr5\libc.a(exit.o)

.data%z62       0x0000000000800100        0x0
 .data          0x0000000000800100        0x0 d:/program files/microchip/xc8/v2.50/avr/bin/../lib/gcc/avr/5.4.0/../../../../avr/lib/avr5\libc.a(exit.o)

.bss%z63        0x0000000000800100        0x0
 .bss           0x0000000000800100        0x0 d:/program files/microchip/xc8/v2.50/avr/bin/../lib/gcc/avr/5.4.0/../../../../avr/lib/avr5\libc.a(exit.o)

.text%z64       0x0000000000000000        0x0
 .text          0x0000000000000000        0x0 d:/program files/microchip/xc8/v2.50/avr/bin/../lib/gcc/avr/5.4.0/../../../../avr/lib/avr5\libc.a(__sio_sprintf_doux.o)

.data%z65       0x0000000000800100        0x0
 .data          0x0000000000800100        0x0 d:/program files/microchip/xc8/v2.50/avr/bin/../lib/gcc/avr/5.4.0/../../../../avr/lib/avr5\libc.a(__sio_sprintf_doux.o)

.bss%z66        0x0000000000800100        0x0
 .bss           0x0000000000800100        0x0 d:/program files/microchip/xc8/v2.50/avr/bin/../lib/gcc/avr/5.4.0/../../../../avr/lib/avr5\libc.a(__sio_sprintf_doux.o)

.text%z67       0x0000000000000000        0x0
 .text          0x0000000000000000        0x0 d:/program files/microchip/xc8/v2.50/avr/bin/../lib/gcc/avr/5.4.0/../../../../avr/lib/avr5\libc.a(__fmt_d.o)

.data%z68       0x0000000000800100        0x0
 .data          0x0000000000800100        0x0 d:/program files/microchip/xc8/v2.50/avr/bin/../lib/gcc/avr/5.4.0/../../../../avr/lib/avr5\libc.a(__fmt_d.o)

.bss%z69        0x0000000000800100        0x0
 .bss           0x0000000000800100        0x0 d:/program files/microchip/xc8/v2.50/avr/bin/../lib/gcc/avr/5.4.0/../../../../avr/lib/avr5\libc.a(__fmt_d.o)

.text%z70       0x0000000000000000        0x0
 .text          0x0000000000000000        0x0 d:/program files/microchip/xc8/v2.50/avr/bin/../lib/gcc/avr/5.4.0/../../../../avr/lib/avr5\libc.a(__fmt_o.o)

.data%z71       0x0000000000800100        0x0
 .data          0x0000000000800100        0x0 d:/program files/microchip/xc8/v2.50/avr/bin/../lib/gcc/avr/5.4.0/../../../../avr/lib/avr5\libc.a(__fmt_o.o)

.bss%z72        0x0000000000800100        0x0
 .bss           0x0000000000800100        0x0 d:/program files/microchip/xc8/v2.50/avr/bin/../lib/gcc/avr/5.4.0/../../../../avr/lib/avr5\libc.a(__fmt_o.o)

.text%z73       0x0000000000000000        0x0
 .text          0x0000000000000000        0x0 d:/program files/microchip/xc8/v2.50/avr/bin/../lib/gcc/avr/5.4.0/../../../../avr/lib/avr5\libc.a(__fmt_s.o)

.data%z74       0x0000000000800100        0x0
 .data          0x0000000000800100        0x0 d:/program files/microchip/xc8/v2.50/avr/bin/../lib/gcc/avr/5.4.0/../../../../avr/lib/avr5\libc.a(__fmt_s.o)

.bss%z75        0x0000000000800100        0x0
 .bss           0x0000000000800100        0x0 d:/program files/microchip/xc8/v2.50/avr/bin/../lib/gcc/avr/5.4.0/../../../../avr/lib/avr5\libc.a(__fmt_s.o)

.text%z76       0x0000000000000000        0x0
 .text          0x0000000000000000        0x0 d:/program files/microchip/xc8/v2.50/avr/bin/../lib/gcc/avr/5.4.0/../../../../avr/lib/avr5\libc.a(__fmt_u.o)

.data%z77       0x0000000000800100        0x0
 .data          0x0000000000800100        0x0 d:/program files/microchip/xc8/v2.50/avr/bin/../lib/gcc/avr/5.4.0/../../../../avr/lib/avr5\libc.a(__fmt_u.o)

.bss%z78        0x0000000000800100        0x0
 .bss           0x0000000000800100        0x0 d:/program files/microchip/xc8/v2.50/avr/bin/../lib/gcc/avr/5.4.0/../../../../avr/lib/avr5\libc.a(__fmt_u.o)

.text%z79       0x0000000000000000        0x0
 .text          0x0000000000000000        0x0 d:/program files/microchip/xc8/v2.50/avr/bin/../lib/gcc/avr/5.4.0/../../../../avr/lib/avr5\libc.a(__fmt_x.o)

.data%z80       0x0000000000800100        0x0
 .data          0x0000000000800100        0x0 d:/program files/microchip/xc8/v2.50/avr/bin/../lib/gcc/avr/5.4.0/../../../../avr/lib/avr5\libc.a(__fmt_x.o)

.bss%z81        0x0000000000800100        0x0
 .bss           0x0000000000800100        0x0 d:/program files/microchip/xc8/v2.50/avr/bin/../lib/gcc/avr/5.4.0/../../../../avr/lib/avr5\libc.a(__fmt_x.o)

.text%z82       0x0000000000000000        0x0
 .text          0x0000000000000000        0x0 d:/program files/microchip/xc8/v2.50/avr/bin/../lib/gcc/avr/5.4.0/../../../../avr/lib/avr5\libc.a(__pop_int.o)

.data%z83       0x0000000000800100        0x0
 .data          0x0000000000800100        0x0 d:/program files/microchip/xc8/v2.50/avr/bin/../lib/gcc/avr/5.4.0/../../../../avr/lib/avr5\libc.a(__pop_int.o)

.bss%z84        0x0000000000800100        0x0
 .bss           0x0000000000800100        0x0 d:/program files/microchip/xc8/v2.50/avr/bin/../lib/gcc/avr/5.4.0/../../../../avr/lib/avr5\libc.a(__pop_int.o)

.text%z85       0x0000000000000000        0x0
 .text          0x0000000000000000        0x0 d:/program files/microchip/xc8/v2.50/avr/bin/../lib/gcc/avr/5.4.0/../../../../avr/lib/avr5\libc.a(__printf_core.o)

.data%z86       0x0000000000800100        0x0
 .data          0x0000000000800100        0x0 d:/program files/microchip/xc8/v2.50/avr/bin/../lib/gcc/avr/5.4.0/../../../../avr/lib/avr5\libc.a(__printf_core.o)

.bss%z87        0x0000000000800100        0x0
 .bss           0x0000000000800100        0x0 d:/program files/microchip/xc8/v2.50/avr/bin/../lib/gcc/avr/5.4.0/../../../../avr/lib/avr5\libc.a(__printf_core.o)

.text%z88       0x0000000000000000        0x0
 .text          0x0000000000000000        0x0 d:/program files/microchip/xc8/v2.50/avr/bin/../lib/gcc/avr/5.4.0/../../../../avr/lib/avr5\libc.a(fputc.o)

.data%z89       0x0000000000800100        0x0
 .data          0x0000000000800100        0x0 d:/program files/microchip/xc8/v2.50/avr/bin/../lib/gcc/avr/5.4.0/../../../../avr/lib/avr5\libc.a(fputc.o)

.bss%z90        0x0000000000800100        0x0
 .bss           0x0000000000800100        0x0 d:/program files/microchip/xc8/v2.50/avr/bin/../lib/gcc/avr/5.4.0/../../../../avr/lib/avr5\libc.a(fputc.o)

.text%z91       0x0000000000000000        0x0
 .text          0x0000000000000000        0x0 d:/program files/microchip/xc8/v2.50/avr/bin/../lib/gcc/avr/5.4.0/../../../../avr/lib/avr5\libc.a(snprintf.o)

.data%z92       0x0000000000800100        0x0
 .data          0x0000000000800100        0x0 d:/program files/microchip/xc8/v2.50/avr/bin/../lib/gcc/avr/5.4.0/../../../../avr/lib/avr5\libc.a(snprintf.o)

.bss%z93        0x0000000000800100        0x0
 .bss           0x0000000000800100        0x0 d:/program files/microchip/xc8/v2.50/avr/bin/../lib/gcc/avr/5.4.0/../../../../avr/lib/avr5\libc.a(snprintf.o)

.text%z94       0x0000000000000000        0x0
 .text          0x0000000000000000        0x0 d:/program files/microchip/xc8/v2.50/avr/bin/../lib/gcc/avr/5.4.0/../../../../avr/lib/avr5\libc.a(strlen.o)

.data%z95       0x0000000000800100        0x0
 .data          0x0000000000800100        0x0 d:/program files/microchip/xc8/v2.50/avr/bin/../lib/gcc/avr/5.4.0/../../../../avr/lib/avr5\libc.a(strlen.o)

.bss%z96        0x0000000000800100        0x0
 .bss           0x0000000000800100        0x0 d:/program files/microchip/xc8/v2.50/avr/bin/../lib/gcc/avr/5.4.0/../../../../avr/lib/avr5\libc.a(strlen.o)

.text%z97       0x0000000000000000        0x0
 .text          0x0000000000000000        0x0 d:/program files/microchip/xc8/v2.50/avr/bin/../lib/gcc/avr/5.4.0/../../../../avr/lib/avr5\libc.a(tolower.o)

.data%z98       0x0000000000800100        0x0
 .data          0x0000000000800100        0x0 d:/program files/microchip/xc8/v2.50/avr/bin/../lib/gcc/avr/5.4.0/../../../../avr/lib/avr5\libc.a(tolower.o)

.bss%z99        0x0000000000800100        0x0
 .bss           0x0000000000800100        0x0 d:/program files/microchip/xc8/v2.50/avr/bin/../lib/gcc/avr/5.4.0/../../../../avr/lib/avr5\libc.a(tolower.o)

.text%z100      0x0000000000000000        0x0
 .text          0x0000000000000000        0x0 d:/program files/microchip/xc8/v2.50/avr/bin/../lib/gcc/avr/5.4.0/../../../../avr/lib/avr5\libc.a(toupper.o)

.data%z101      0x0000000000800100        0x0
 .data          0x0000000000800100        0x0 d:/program files/microchip/xc8/v2.50/avr/bin/../lib/gcc/avr/5.4.0/../../../../avr/lib/avr5\libc.a(toupper.o)

.bss%z102       0x0000000000800100        0x0
 .bss           0x0000000000800100        0x0 d:/program files/microchip/xc8/v2.50/avr/bin/../lib/gcc/avr/5.4.0/../../../../avr/lib/avr5\libc.a(toupper.o)

.text%z103      0x0000000000000000        0x0
 .text          0x0000000000000000        0x0 d:/program files/microchip/xc8/v2.50/avr/bin/../lib/gcc/avr/5.4.0/../../../../avr/lib/avr5\libc.a(errno.o)

.data%z104      0x0000000000800100        0x0
 .data          0x0000000000800100        0x0 d:/program files/microchip/xc8/v2.50/avr/bin/../lib/gcc/avr/5.4.0/../../../../avr/lib/avr5\libc.a(errno.o)

.bss%z105       0x0000000000800100        0x0
 .bss           0x0000000000800100        0x0 d:/program files/microchip/xc8/v2.50/avr/bin/../lib/gcc/avr/5.4.0/../../../../avr/lib/avr5\libc.a(errno.o)

.text%z106      0x0000000000000000        0x0
 .text          0x0000000000000000        0x0 d:/program files/microchip/xc8/v2.50/avr/bin/../lib/gcc/avr/5.4.0/../../../../avr/lib/avr5\libc.a(_Exit.o)

.data%z107      0x0000000000800100        0x0
 .data          0x0000000000800100        0x0 d:/program files/microchip/xc8/v2.50/avr/bin/../lib/gcc/avr/5.4.0/../../../../avr/lib/avr5\libc.a(_Exit.o)

.bss%z108       0x0000000000800100        0x0
 .bss           0x0000000000800100        0x0 d:/program files/microchip/xc8/v2.50/avr/bin/../lib/gcc/avr/5.4.0/../../../../avr/lib/avr5\libc.a(_Exit.o)

.text%z109      0x0000000000000000        0x0
 .text          0x0000000000000000        0x0 d:/program files/microchip/xc8/v2.50/avr/bin/../lib/gcc/avr/5.4.0/../../../../avr/lib/avr5\libc.a(__int_vsprintf.o)

.data%z110      0x0000000000800100        0x0
 .data          0x0000000000800100        0x0 d:/program files/microchip/xc8/v2.50/avr/bin/../lib/gcc/avr/5.4.0/../../../../avr/lib/avr5\libc.a(__int_vsprintf.o)

.bss%z111       0x0000000000800100        0x0
 .bss           0x0000000000800100        0x0 d:/program files/microchip/xc8/v2.50/avr/bin/../lib/gcc/avr/5.4.0/../../../../avr/lib/avr5\libc.a(__int_vsprintf.o)

.text%z112      0x0000000000000000        0x0
 .text          0x0000000000000000        0x0 d:/program files/microchip/xc8/v2.50/avr/bin/../lib/gcc/avr/5.4.0/../../../../avr/lib/avr5\libc.a(__int_vsnprintf.o)

.data%z113      0x0000000000800100        0x0
 .data          0x0000000000800100        0x0 d:/program files/microchip/xc8/v2.50/avr/bin/../lib/gcc/avr/5.4.0/../../../../avr/lib/avr5\libc.a(__int_vsnprintf.o)

.bss%z114       0x0000000000800100        0x0
 .bss           0x0000000000800100        0x0 d:/program files/microchip/xc8/v2.50/avr/bin/../lib/gcc/avr/5.4.0/../../../../avr/lib/avr5\libc.a(__int_vsnprintf.o)

.text%z115      0x0000000000000000        0x0
 .text          0x0000000000000000        0x0 d:/program files/microchip/xc8/v2.50/avr/bin/../lib/gcc/avr/5.4.0/../../../../avr/lib/avr5\libc.a(vsnprintf.o)

.data%z116      0x0000000000800100        0x0
 .data          0x0000000000800100        0x0 d:/program files/microchip/xc8/v2.50/avr/bin/../lib/gcc/avr/5.4.0/../../../../avr/lib/avr5\libc.a(vsnprintf.o)

.bss%z117       0x0000000000800100        0x0
 .bss           0x0000000000800100        0x0 d:/program files/microchip/xc8/v2.50/avr/bin/../lib/gcc/avr/5.4.0/../../../../avr/lib/avr5\libc.a(vsnprintf.o)

.text%z118      0x0000000000000000        0x0
 .text          0x0000000000000000        0x0 d:/program files/microchip/xc8/v2.50/avr/bin/../lib/gcc/avr/5.4.0/../../../../avr/lib/avr5\libc.a(vfprintf.o)

.data%z119      0x0000000000800100        0x0
 .data          0x0000000000800100        0x0 d:/program files/microchip/xc8/v2.50/avr/bin/../lib/gcc/avr/5.4.0/../../../../avr/lib/avr5\libc.a(vfprintf.o)

.bss%z120       0x0000000000800100        0x0
 .bss           0x0000000000800100        0x0 d:/program files/microchip/xc8/v2.50/avr/bin/../lib/gcc/avr/5.4.0/../../../../avr/lib/avr5\libc.a(vfprintf.o)

.text%z121      0x0000000000000000        0x0
 .text          0x0000000000000000        0x0 d:/program files/microchip/xc8/v2.50/avr/bin/../lib/gcc/avr/5.4.0/../../../../avr/lib/avr5\libc.a(__int_vfprintf.o)

.data%z122      0x0000000000800100        0x0
 .data          0x0000000000800100        0x0 d:/program files/microchip/xc8/v2.50/avr/bin/../lib/gcc/avr/5.4.0/../../../../avr/lib/avr5\libc.a(__int_vfprintf.o)

.bss%z123       0x0000000000800100        0x0
 .bss           0x0000000000800100        0x0 d:/program files/microchip/xc8/v2.50/avr/bin/../lib/gcc/avr/5.4.0/../../../../avr/lib/avr5\libc.a(__int_vfprintf.o)

.text%z124      0x0000000000000000        0x0
 .text          0x0000000000000000        0x0 d:/program files/microchip/xc8/v2.50/avr/bin/../lib/gcc/avr/5.4.0/../../../../avr/lib/avr5\libc.a(__io_fmt_needed.o)

.data%z125      0x0000000000800100        0x0
 .data          0x0000000000800100        0x0 d:/program files/microchip/xc8/v2.50/avr/bin/../lib/gcc/avr/5.4.0/../../../../avr/lib/avr5\libc.a(__io_fmt_needed.o)

.bss%z126       0x0000000000800100        0x0
 .bss           0x0000000000800100        0x0 d:/program files/microchip/xc8/v2.50/avr/bin/../lib/gcc/avr/5.4.0/../../../../avr/lib/avr5\libc.a(__io_fmt_needed.o)

.text%z127      0x0000000000000000        0x0
 .text          0x0000000000000000        0x0 d:/program files/microchip/xc8/v2.50/avr/bin/../lib/gcc/avr/5.4.0/../../../../avr/lib/avr5\libc.a(__pop_ptr.o)

.data%z128      0x0000000000800100        0x0
 .data          0x0000000000800100        0x0 d:/program files/microchip/xc8/v2.50/avr/bin/../lib/gcc/avr/5.4.0/../../../../avr/lib/avr5\libc.a(__pop_ptr.o)

.bss%z129       0x0000000000800100        0x0
 .bss           0x0000000000800100        0x0 d:/program files/microchip/xc8/v2.50/avr/bin/../lib/gcc/avr/5.4.0/../../../../avr/lib/avr5\libc.a(__pop_ptr.o)

.text%z130      0x0000000000000000        0x0
 .text          0x0000000000000000        0x0 d:/program files/microchip/xc8/v2.50/avr/bin/../lib/gcc/avr/5.4.0/../../../../avr/lib/avr5\libc.a(__fmt_a.o)

.data%z131      0x0000000000800100        0x0
 .data          0x0000000000800100        0x0 d:/program files/microchip/xc8/v2.50/avr/bin/../lib/gcc/avr/5.4.0/../../../../avr/lib/avr5\libc.a(__fmt_a.o)

.bss%z132       0x0000000000800100        0x0
 .bss           0x0000000000800100        0x0 d:/program files/microchip/xc8/v2.50/avr/bin/../lib/gcc/avr/5.4.0/../../../../avr/lib/avr5\libc.a(__fmt_a.o)

.text%z133      0x0000000000000000        0x0
 .text          0x0000000000000000        0x0 d:/program files/microchip/xc8/v2.50/avr/bin/../lib/gcc/avr/5.4.0/../../../../avr/lib/avr5\libc.a(__pop_float.o)

.data%z134      0x0000000000800100        0x0
 .data          0x0000000000800100        0x0 d:/program files/microchip/xc8/v2.50/avr/bin/../lib/gcc/avr/5.4.0/../../../../avr/lib/avr5\libc.a(__pop_float.o)

.bss%z135       0x0000000000800100        0x0
 .bss           0x0000000000800100        0x0 d:/program files/microchip/xc8/v2.50/avr/bin/../lib/gcc/avr/5.4.0/../../../../avr/lib/avr5\libc.a(__pop_float.o)

.text%z136      0x0000000000000000        0x0
 .text          0x0000000000000000        0x0 d:/program files/microchip/xc8/v2.50/avr/bin/../lib/gcc/avr/5.4.0/../../../../avr/lib/avr5\libc.a(memset.o)

.data%z137      0x0000000000800100        0x0
 .data          0x0000000000800100        0x0 d:/program files/microchip/xc8/v2.50/avr/bin/../lib/gcc/avr/5.4.0/../../../../avr/lib/avr5\libc.a(memset.o)

.bss%z138       0x0000000000800100        0x0
 .bss           0x0000000000800100        0x0 d:/program files/microchip/xc8/v2.50/avr/bin/../lib/gcc/avr/5.4.0/../../../../avr/lib/avr5\libc.a(memset.o)

.text%z139      0x0000000000000000        0x0
 .text          0x0000000000000000        0x0 d:/program files/microchip/xc8/v2.50/avr/bin/../lib/gcc/avr/5.4.0/../../../../avr/lib/avr5\libc.a(strcpy.o)

.data%z140      0x0000000000800100        0x0
 .data          0x0000000000800100        0x0 d:/program files/microchip/xc8/v2.50/avr/bin/../lib/gcc/avr/5.4.0/../../../../avr/lib/avr5\libc.a(strcpy.o)

.bss%z141       0x0000000000800100        0x0
 .bss           0x0000000000800100        0x0 d:/program files/microchip/xc8/v2.50/avr/bin/../lib/gcc/avr/5.4.0/../../../../avr/lib/avr5\libc.a(strcpy.o)

.text%z142      0x0000000000000000        0x0
 .text          0x0000000000000000        0x0 d:/program files/microchip/xc8/v2.50/avr/bin/../lib/gcc/avr/5.4.0/../../../../avr/lib/avr5\libc.a(__printf_64bit_arg_support.o)

.data%z143      0x0000000000800100        0x0
 .data          0x0000000000800100        0x0 d:/program files/microchip/xc8/v2.50/avr/bin/../lib/gcc/avr/5.4.0/../../../../avr/lib/avr5\libc.a(__printf_64bit_arg_support.o)

.bss%z144       0x0000000000800100        0x0
 .bss           0x0000000000800100        0x0 d:/program files/microchip/xc8/v2.50/avr/bin/../lib/gcc/avr/5.4.0/../../../../avr/lib/avr5\libc.a(__printf_64bit_arg_support.o)

.text%z145      0x0000000000000000        0x0
 .text          0x0000000000000000        0x0 d:/program files/microchip/xc8/v2.50/avr/bin/../lib/gcc/avr/5.4.0/../../../../avr/lib/avr5\libc.a(__fmt_fp.o)

.data%z146      0x0000000000800100        0x0
 .data          0x0000000000800100        0x0 d:/program files/microchip/xc8/v2.50/avr/bin/../lib/gcc/avr/5.4.0/../../../../avr/lib/avr5\libc.a(__fmt_fp.o)

.bss%z147       0x0000000000800100        0x0
 .bss           0x0000000000800100        0x0 d:/program files/microchip/xc8/v2.50/avr/bin/../lib/gcc/avr/5.4.0/../../../../avr/lib/avr5\libc.a(__fmt_fp.o)

.text%z148      0x0000000000000000        0x0
 .text          0x0000000000000000        0x0 d:/program files/microchip/xc8/v2.50/avr/bin/../lib/gcc/avr/5.4.0/avr5\libgcc.a(_exit.o)

.data%z149      0x0000000000800100        0x0
 .data          0x0000000000800100        0x0 d:/program files/microchip/xc8/v2.50/avr/bin/../lib/gcc/avr/5.4.0/avr5\libgcc.a(_exit.o)

.bss%z150       0x0000000000800100        0x0
 .bss           0x0000000000800100        0x0 d:/program files/microchip/xc8/v2.50/avr/bin/../lib/gcc/avr/5.4.0/avr5\libgcc.a(_exit.o)

.text.libgcc.mul%z151
                0x0000000000000000        0x0
 .text.libgcc.mul
                0x0000000000000000        0x0 d:/program files/microchip/xc8/v2.50/avr/bin/../lib/gcc/avr/5.4.0/avr5\libgcc.a(_exit.o)

.text.libgcc.div%z152
                0x0000000000000000        0x0
 .text.libgcc.div
                0x0000000000000000        0x0 d:/program files/microchip/xc8/v2.50/avr/bin/../lib/gcc/avr/5.4.0/avr5\libgcc.a(_exit.o)

.text.libgcc%z153
                0x0000000000000000        0x0
 .text.libgcc   0x0000000000000000        0x0 d:/program files/microchip/xc8/v2.50/avr/bin/../lib/gcc/avr/5.4.0/avr5\libgcc.a(_exit.o)

.text.libgcc.prologue%z154
                0x0000000000000000        0x0
 .text.libgcc.prologue
                0x0000000000000000        0x0 d:/program files/microchip/xc8/v2.50/avr/bin/../lib/gcc/avr/5.4.0/avr5\libgcc.a(_exit.o)

.text.libgcc.builtins%z155
                0x0000000000000000        0x0
 .text.libgcc.builtins
                0x0000000000000000        0x0 d:/program files/microchip/xc8/v2.50/avr/bin/../lib/gcc/avr/5.4.0/avr5\libgcc.a(_exit.o)

.text.libgcc.fmul%z156
                0x0000000000000000        0x0
 .text.libgcc.fmul
                0x0000000000000000        0x0 d:/program files/microchip/xc8/v2.50/avr/bin/../lib/gcc/avr/5.4.0/avr5\libgcc.a(_exit.o)

.text.libgcc.fixed%z157
                0x0000000000000000        0x0
 .text.libgcc.fixed
                0x0000000000000000        0x0 d:/program files/microchip/xc8/v2.50/avr/bin/../lib/gcc/avr/5.4.0/avr5\libgcc.a(_exit.o)

.text%z158      0x0000000000000000        0x0
 .text          0x0000000000000000        0x0 d:/program files/microchip/xc8/v2.50/avr/bin/../lib/gcc/avr/5.4.0/avr5\libgcc.a(_udivdi3.o)

.data%z159      0x0000000000800100        0x0
 .data          0x0000000000800100        0x0 d:/program files/microchip/xc8/v2.50/avr/bin/../lib/gcc/avr/5.4.0/avr5\libgcc.a(_udivdi3.o)

.bss%z160       0x0000000000800100        0x0
 .bss           0x0000000000800100        0x0 d:/program files/microchip/xc8/v2.50/avr/bin/../lib/gcc/avr/5.4.0/avr5\libgcc.a(_udivdi3.o)

.text.libgcc.mul%z161
                0x0000000000000000        0x0
 .text.libgcc.mul
                0x0000000000000000        0x0 d:/program files/microchip/xc8/v2.50/avr/bin/../lib/gcc/avr/5.4.0/avr5\libgcc.a(_udivdi3.o)

.text.libgcc%z162
                0x0000000000000000        0x0
 .text.libgcc   0x0000000000000000        0x0 d:/program files/microchip/xc8/v2.50/avr/bin/../lib/gcc/avr/5.4.0/avr5\libgcc.a(_udivdi3.o)

.text.libgcc.prologue%z163
                0x0000000000000000        0x0
 .text.libgcc.prologue
                0x0000000000000000        0x0 d:/program files/microchip/xc8/v2.50/avr/bin/../lib/gcc/avr/5.4.0/avr5\libgcc.a(_udivdi3.o)

.text.libgcc.builtins%z164
                0x0000000000000000        0x0
 .text.libgcc.builtins
                0x0000000000000000        0x0 d:/program files/microchip/xc8/v2.50/avr/bin/../lib/gcc/avr/5.4.0/avr5\libgcc.a(_udivdi3.o)

.text.libgcc.fmul%z165
                0x0000000000000000        0x0
 .text.libgcc.fmul
                0x0000000000000000        0x0 d:/program files/microchip/xc8/v2.50/avr/bin/../lib/gcc/avr/5.4.0/avr5\libgcc.a(_udivdi3.o)

.text.libgcc.fixed%z166
                0x0000000000000000        0x0
 .text.libgcc.fixed
                0x0000000000000000        0x0 d:/program files/microchip/xc8/v2.50/avr/bin/../lib/gcc/avr/5.4.0/avr5\libgcc.a(_udivdi3.o)

.text%z167      0x0000000000000000        0x0
 .text          0x0000000000000000        0x0 d:/program files/microchip/xc8/v2.50/avr/bin/../lib/gcc/avr/5.4.0/avr5\libgcc.a(_udivmod64.o)

.data%z168      0x0000000000800100        0x0
 .data          0x0000000000800100        0x0 d:/program files/microchip/xc8/v2.50/avr/bin/../lib/gcc/avr/5.4.0/avr5\libgcc.a(_udivmod64.o)

.bss%z169       0x0000000000800100        0x0
 .bss           0x0000000000800100        0x0 d:/program files/microchip/xc8/v2.50/avr/bin/../lib/gcc/avr/5.4.0/avr5\libgcc.a(_udivmod64.o)

.text.libgcc.mul%z170
                0x0000000000000000        0x0
 .text.libgcc.mul
                0x0000000000000000        0x0 d:/program files/microchip/xc8/v2.50/avr/bin/../lib/gcc/avr/5.4.0/avr5\libgcc.a(_udivmod64.o)

.text.libgcc%z171
                0x0000000000000000        0x0
 .text.libgcc   0x0000000000000000        0x0 d:/program files/microchip/xc8/v2.50/avr/bin/../lib/gcc/avr/5.4.0/avr5\libgcc.a(_udivmod64.o)

.text.libgcc.prologue%z172
                0x0000000000000000        0x0
 .text.libgcc.prologue
                0x0000000000000000        0x0 d:/program files/microchip/xc8/v2.50/avr/bin/../lib/gcc/avr/5.4.0/avr5\libgcc.a(_udivmod64.o)

.text.libgcc.builtins%z173
                0x0000000000000000        0x0
 .text.libgcc.builtins
                0x0000000000000000        0x0 d:/program files/microchip/xc8/v2.50/avr/bin/../lib/gcc/avr/5.4.0/avr5\libgcc.a(_udivmod64.o)

.text.libgcc.fmul%z174
                0x0000000000000000        0x0
 .text.libgcc.fmul
                0x0000000000000000        0x0 d:/program files/microchip/xc8/v2.50/avr/bin/../lib/gcc/avr/5.4.0/avr5\libgcc.a(_udivmod64.o)

.text.libgcc.fixed%z175
                0x0000000000000000        0x0
 .text.libgcc.fixed
                0x0000000000000000        0x0 d:/program files/microchip/xc8/v2.50/avr/bin/../lib/gcc/avr/5.4.0/avr5\libgcc.a(_udivmod64.o)

.text%z176      0x0000000000000000        0x0
 .text          0x0000000000000000        0x0 d:/program files/microchip/xc8/v2.50/avr/bin/../lib/gcc/avr/5.4.0/avr5\libgcc.a(_negdi2.o)

.data%z177      0x0000000000800100        0x0
 .data          0x0000000000800100        0x0 d:/program files/microchip/xc8/v2.50/avr/bin/../lib/gcc/avr/5.4.0/avr5\libgcc.a(_negdi2.o)

.bss%z178       0x0000000000800100        0x0
 .bss           0x0000000000800100        0x0 d:/program files/microchip/xc8/v2.50/avr/bin/../lib/gcc/avr/5.4.0/avr5\libgcc.a(_negdi2.o)

.text.libgcc.mul%z179
                0x0000000000000000        0x0
 .text.libgcc.mul
                0x0000000000000000        0x0 d:/program files/microchip/xc8/v2.50/avr/bin/../lib/gcc/avr/5.4.0/avr5\libgcc.a(_negdi2.o)

.text.libgcc.div%z180
                0x0000000000000000        0x0
 .text.libgcc.div
                0x0000000000000000        0x0 d:/program files/microchip/xc8/v2.50/avr/bin/../lib/gcc/avr/5.4.0/avr5\libgcc.a(_negdi2.o)

.text.libgcc.prologue%z181
                0x0000000000000000        0x0
 .text.libgcc.prologue
                0x0000000000000000        0x0 d:/program files/microchip/xc8/v2.50/avr/bin/../lib/gcc/avr/5.4.0/avr5\libgcc.a(_negdi2.o)

.text.libgcc.builtins%z182
                0x0000000000000000        0x0
 .text.libgcc.builtins
                0x0000000000000000        0x0 d:/program files/microchip/xc8/v2.50/avr/bin/../lib/gcc/avr/5.4.0/avr5\libgcc.a(_negdi2.o)

.text.libgcc.fmul%z183
                0x0000000000000000        0x0
 .text.libgcc.fmul
                0x0000000000000000        0x0 d:/program files/microchip/xc8/v2.50/avr/bin/../lib/gcc/avr/5.4.0/avr5\libgcc.a(_negdi2.o)

.text.libgcc.fixed%z184
                0x0000000000000000        0x0
 .text.libgcc.fixed
                0x0000000000000000        0x0 d:/program files/microchip/xc8/v2.50/avr/bin/../lib/gcc/avr/5.4.0/avr5\libgcc.a(_negdi2.o)

.text%z185      0x0000000000000000        0x0
 .text          0x0000000000000000        0x0 d:/program files/microchip/xc8/v2.50/avr/bin/../lib/gcc/avr/5.4.0/avr5\libgcc.a(_prologue.o)

.data%z186      0x0000000000800100        0x0
 .data          0x0000000000800100        0x0 d:/program files/microchip/xc8/v2.50/avr/bin/../lib/gcc/avr/5.4.0/avr5\libgcc.a(_prologue.o)

.bss%z187       0x0000000000800100        0x0
 .bss           0x0000000000800100        0x0 d:/program files/microchip/xc8/v2.50/avr/bin/../lib/gcc/avr/5.4.0/avr5\libgcc.a(_prologue.o)

.text.libgcc.mul%z188
                0x0000000000000000        0x0
 .text.libgcc.mul
                0x0000000000000000        0x0 d:/program files/microchip/xc8/v2.50/avr/bin/../lib/gcc/avr/5.4.0/avr5\libgcc.a(_prologue.o)

.text.libgcc.div%z189
                0x0000000000000000        0x0
 .text.libgcc.div
                0x0000000000000000        0x0 d:/program files/microchip/xc8/v2.50/avr/bin/../lib/gcc/avr/5.4.0/avr5\libgcc.a(_prologue.o)

.text.libgcc%z190
                0x0000000000000000        0x0
 .text.libgcc   0x0000000000000000        0x0 d:/program files/microchip/xc8/v2.50/avr/bin/../lib/gcc/avr/5.4.0/avr5\libgcc.a(_prologue.o)

.text.libgcc.builtins%z191
                0x0000000000000000        0x0
 .text.libgcc.builtins
                0x0000000000000000        0x0 d:/program files/microchip/xc8/v2.50/avr/bin/../lib/gcc/avr/5.4.0/avr5\libgcc.a(_prologue.o)

.text.libgcc.fmul%z192
                0x0000000000000000        0x0
 .text.libgcc.fmul
                0x0000000000000000        0x0 d:/program files/microchip/xc8/v2.50/avr/bin/../lib/gcc/avr/5.4.0/avr5\libgcc.a(_prologue.o)

.text.libgcc.fixed%z193
                0x0000000000000000        0x0
 .text.libgcc.fixed
                0x0000000000000000        0x0 d:/program files/microchip/xc8/v2.50/avr/bin/../lib/gcc/avr/5.4.0/avr5\libgcc.a(_prologue.o)

.text%z194      0x0000000000000000        0x0
 .text          0x0000000000000000        0x0 d:/program files/microchip/xc8/v2.50/avr/bin/../lib/gcc/avr/5.4.0/avr5\libgcc.a(_epilogue.o)

.data%z195      0x0000000000800100        0x0
 .data          0x0000000000800100        0x0 d:/program files/microchip/xc8/v2.50/avr/bin/../lib/gcc/avr/5.4.0/avr5\libgcc.a(_epilogue.o)

.bss%z196       0x0000000000800100        0x0
 .bss           0x0000000000800100        0x0 d:/program files/microchip/xc8/v2.50/avr/bin/../lib/gcc/avr/5.4.0/avr5\libgcc.a(_epilogue.o)

.text.libgcc.mul%z197
                0x0000000000000000        0x0
 .text.libgcc.mul
                0x0000000000000000        0x0 d:/program files/microchip/xc8/v2.50/avr/bin/../lib/gcc/avr/5.4.0/avr5\libgcc.a(_epilogue.o)

.text.libgcc.div%z198
                0x0000000000000000        0x0
 .text.libgcc.div
                0x0000000000000000        0x0 d:/program files/microchip/xc8/v2.50/avr/bin/../lib/gcc/avr/5.4.0/avr5\libgcc.a(_epilogue.o)

.text.libgcc%z199
                0x0000000000000000        0x0
 .text.libgcc   0x0000000000000000        0x0 d:/program files/microchip/xc8/v2.50/avr/bin/../lib/gcc/avr/5.4.0/avr5\libgcc.a(_epilogue.o)

.text.libgcc.builtins%z200
                0x0000000000000000        0x0
 .text.libgcc.builtins
                0x0000000000000000        0x0 d:/program files/microchip/xc8/v2.50/avr/bin/../lib/gcc/avr/5.4.0/avr5\libgcc.a(_epilogue.o)

.text.libgcc.fmul%z201
                0x0000000000000000        0x0
 .text.libgcc.fmul
                0x0000000000000000        0x0 d:/program files/microchip/xc8/v2.50/avr/bin/../lib/gcc/avr/5.4.0/avr5\libgcc.a(_epilogue.o)

.text.libgcc.fixed%z202
                0x0000000000000000        0x0
 .text.libgcc.fixed
                0x0000000000000000        0x0 d:/program files/microchip/xc8/v2.50/avr/bin/../lib/gcc/avr/5.4.0/avr5\libgcc.a(_epilogue.o)

.text%z203      0x0000000000000000        0x0
 .text          0x0000000000000000        0x0 d:/program files/microchip/xc8/v2.50/avr/bin/../lib/gcc/avr/5.4.0/avr5\libgcc.a(_ashrdi3.o)

.data%z204      0x0000000000800100        0x0
 .data          0x0000000000800100        0x0 d:/program files/microchip/xc8/v2.50/avr/bin/../lib/gcc/avr/5.4.0/avr5\libgcc.a(_ashrdi3.o)

.bss%z205       0x0000000000800100        0x0
 .bss           0x0000000000800100        0x0 d:/program files/microchip/xc8/v2.50/avr/bin/../lib/gcc/avr/5.4.0/avr5\libgcc.a(_ashrdi3.o)

.text.libgcc.mul%z206
                0x0000000000000000        0x0
 .text.libgcc.mul
                0x0000000000000000        0x0 d:/program files/microchip/xc8/v2.50/avr/bin/../lib/gcc/avr/5.4.0/avr5\libgcc.a(_ashrdi3.o)

.text.libgcc.div%z207
                0x0000000000000000        0x0
 .text.libgcc.div
                0x0000000000000000        0x0 d:/program files/microchip/xc8/v2.50/avr/bin/../lib/gcc/avr/5.4.0/avr5\libgcc.a(_ashrdi3.o)

.text.libgcc%z208
                0x0000000000000000        0x0
 .text.libgcc   0x0000000000000000        0x0 d:/program files/microchip/xc8/v2.50/avr/bin/../lib/gcc/avr/5.4.0/avr5\libgcc.a(_ashrdi3.o)

.text.libgcc.prologue%z209